Oct 11 03:20:01 localhost rsyslogd[1229]: [origin software="rsyslogd" swVersion="8.1911.0-3.el8" x-pid="1229" x-info="https://www.rsyslog.com"] rsyslogd was HUPed
Oct 11 03:39:52 localhost systemd[1]: Starting dnf makecache...
Oct 11 03:39:53 localhost dnf[6240]: CentOS-8 - AppStream                             22 kB/s | 4.3 kB     00:00
Oct 11 03:39:53 localhost dnf[6240]: CentOS-8 - Base                                  38 kB/s | 3.9 kB     00:00
Oct 11 03:39:53 localhost dnf[6240]: CentOS-8 - Extras                               5.4 kB/s | 1.5 kB     00:00
Oct 11 03:39:53 localhost dnf[6240]: Metadata cache created.
Oct 11 03:39:53 localhost systemd[1]: Started dnf makecache.
Oct 11 04:40:02 localhost systemd[1]: Starting dnf makecache...
Oct 11 04:40:03 localhost dnf[6269]: Metadata cache refreshed recently.
Oct 11 04:40:03 localhost systemd[1]: Started dnf makecache.
Oct 11 05:41:02 localhost systemd[1]: Starting dnf makecache...
Oct 11 05:41:03 localhost dnf[6292]: Metadata cache refreshed recently.
Oct 11 05:41:03 localhost systemd[1]: Started dnf makecache.
Oct 11 05:54:20 localhost NetworkManager[1026]: <error> [1602410060.8223] dhcp4 (ens192): error -113 dispatching events
Oct 11 05:54:20 localhost NetworkManager[1026]: <info>  [1602410060.8228] dhcp4 (ens192): state changed bound -> fail
Oct 11 05:54:20 localhost NetworkManager[1026]: <info>  [1602410060.8229] device (ens192): DHCPv4: trying to acquire a new lease within 90 seconds
Oct 11 05:55:50 localhost NetworkManager[1026]: <info>  [1602410150.7710] device (ens192): DHCPv4: grace period expired
Oct 11 05:55:50 localhost NetworkManager[1026]: <info>  [1602410150.7711] device (ens192): state change: activated -> failed (reason 'ip-config-unavailable', sys-iface-state: 'managed')
Oct 11 05:55:50 localhost NetworkManager[1026]: <warn>  [1602410150.7726] device (ens192): Activation: failed for connection 'ens192'
Oct 11 05:55:50 localhost NetworkManager[1026]: <info>  [1602410150.7732] manager: NetworkManager state is now CONNECTED_LOCAL
Oct 11 05:55:50 localhost NetworkManager[1026]: <info>  [1602410150.7736] device (ens192): state change: failed -> disconnected (reason 'none', sys-iface-state: 'managed')
Oct 11 05:55:50 localhost NetworkManager[1026]: <info>  [1602410150.7749] dhcp4 (ens192): canceled DHCP transaction
Oct 11 05:55:50 localhost NetworkManager[1026]: <info>  [1602410150.7749] dhcp4 (ens192): state changed fail -> done
Oct 11 05:55:50 localhost dbus-daemon[987]: [system] Activating via systemd: service name='org.freedesktop.nm_dispatcher' unit='dbus-org.freedesktop.nm-dispatcher.service' requested by ':1.8' (uid=0 pid=1026 comm="/usr/sbin/NetworkManager --no-daemon " label="system_u:system_r:NetworkManager_t:s0")
Oct 11 05:55:50 localhost systemd[1]: Starting Network Manager Script Dispatcher Service...
Oct 11 05:55:50 localhost NetworkManager[1026]: <info>  [1602410150.7969] policy: auto-activating connection 'ens192' (29b6e258-0ffd-4ee3-8f2d-2126105eee4f)
Oct 11 05:55:50 localhost NetworkManager[1026]: <info>  [1602410150.7978] device (ens192): Activation: starting connection 'ens192' (29b6e258-0ffd-4ee3-8f2d-2126105eee4f)
Oct 11 05:55:50 localhost NetworkManager[1026]: <info>  [1602410150.7979] device (ens192): state change: disconnected -> prepare (reason 'none', sys-iface-state: 'managed')
Oct 11 05:55:50 localhost NetworkManager[1026]: <info>  [1602410150.7982] manager: NetworkManager state is now CONNECTING
Oct 11 05:55:50 localhost NetworkManager[1026]: <info>  [1602410150.7985] device (ens192): state change: prepare -> config (reason 'none', sys-iface-state: 'managed')
Oct 11 05:55:50 localhost NetworkManager[1026]: <info>  [1602410150.7990] device (ens192): state change: config -> ip-config (reason 'none', sys-iface-state: 'managed')
Oct 11 05:55:50 localhost NetworkManager[1026]: <info>  [1602410150.7992] dhcp4 (ens192): activation: beginning transaction (timeout in 45 seconds)
Oct 11 05:55:50 localhost dbus-daemon[987]: [system] Successfully activated service 'org.freedesktop.nm_dispatcher'
Oct 11 05:55:50 localhost systemd[1]: Started Network Manager Script Dispatcher Service.
Oct 11 05:55:50 localhost NetworkManager[1026]: <info>  [1602410150.8088] dhcp4 (ens192): option dhcp_lease_time      => '86400'
Oct 11 05:55:50 localhost NetworkManager[1026]: <info>  [1602410150.8088] dhcp4 (ens192): option domain_name_servers  => '10.102.100.22 10.101.100.42 10.101.100.41'
Oct 11 05:55:50 localhost NetworkManager[1026]: <info>  [1602410150.8088] dhcp4 (ens192): option expiry               => '1602496550'
Oct 11 05:55:50 localhost NetworkManager[1026]: <info>  [1602410150.8088] dhcp4 (ens192): option ip_address           => '172.16.8.2'
Oct 11 05:55:50 localhost NetworkManager[1026]: <info>  [1602410150.8088] dhcp4 (ens192): option requested_broadcast_address => '1'
Oct 11 05:55:50 localhost NetworkManager[1026]: <info>  [1602410150.8088] dhcp4 (ens192): option requested_domain_name => '1'
Oct 11 05:55:50 localhost NetworkManager[1026]: <info>  [1602410150.8088] dhcp4 (ens192): option requested_domain_name_servers => '1'
Oct 11 05:55:50 localhost NetworkManager[1026]: <info>  [1602410150.8088] dhcp4 (ens192): option requested_domain_search => '1'
Oct 11 05:55:50 localhost NetworkManager[1026]: <info>  [1602410150.8088] dhcp4 (ens192): option requested_host_name  => '1'
Oct 11 05:55:50 localhost NetworkManager[1026]: <info>  [1602410150.8088] dhcp4 (ens192): option requested_interface_mtu => '1'
Oct 11 05:55:50 localhost NetworkManager[1026]: <info>  [1602410150.8089] dhcp4 (ens192): option requested_ms_classless_static_routes => '1'
Oct 11 05:55:50 localhost NetworkManager[1026]: <info>  [1602410150.8089] dhcp4 (ens192): option requested_nis_domain => '1'
Oct 11 05:55:50 localhost NetworkManager[1026]: <info>  [1602410150.8089] dhcp4 (ens192): option requested_nis_servers => '1'
Oct 11 05:55:50 localhost NetworkManager[1026]: <info>  [1602410150.8089] dhcp4 (ens192): option requested_ntp_servers => '1'
Oct 11 05:55:50 localhost NetworkManager[1026]: <info>  [1602410150.8089] dhcp4 (ens192): option requested_rfc3442_classless_static_routes => '1'
Oct 11 05:55:50 localhost NetworkManager[1026]: <info>  [1602410150.8089] dhcp4 (ens192): option requested_root_path  => '1'
Oct 11 05:55:50 localhost NetworkManager[1026]: <info>  [1602410150.8089] dhcp4 (ens192): option requested_routers    => '1'
Oct 11 05:55:50 localhost NetworkManager[1026]: <info>  [1602410150.8089] dhcp4 (ens192): option requested_static_routes => '1'
Oct 11 05:55:50 localhost NetworkManager[1026]: <info>  [1602410150.8089] dhcp4 (ens192): option requested_subnet_mask => '1'
Oct 11 05:55:50 localhost NetworkManager[1026]: <info>  [1602410150.8089] dhcp4 (ens192): option requested_time_offset => '1'
Oct 11 05:55:50 localhost NetworkManager[1026]: <info>  [1602410150.8089] dhcp4 (ens192): option requested_wpad       => '1'
Oct 11 05:55:50 localhost NetworkManager[1026]: <info>  [1602410150.8089] dhcp4 (ens192): option routers              => '172.16.255.1'
Oct 11 05:55:50 localhost NetworkManager[1026]: <info>  [1602410150.8089] dhcp4 (ens192): option subnet_mask          => '255.255.0.0'
Oct 11 05:55:50 localhost NetworkManager[1026]: <info>  [1602410150.8090] dhcp4 (ens192): state changed unknown -> bound
Oct 11 05:55:50 localhost NetworkManager[1026]: <info>  [1602410150.8099] device (ens192): state change: ip-config -> ip-check (reason 'none', sys-iface-state: 'managed')
Oct 11 05:55:50 localhost NetworkManager[1026]: <info>  [1602410150.8197] device (ens192): state change: ip-check -> secondaries (reason 'none', sys-iface-state: 'managed')
Oct 11 05:55:50 localhost NetworkManager[1026]: <info>  [1602410150.8199] device (ens192): state change: secondaries -> activated (reason 'none', sys-iface-state: 'managed')
Oct 11 05:55:50 localhost NetworkManager[1026]: <info>  [1602410150.8203] manager: NetworkManager state is now CONNECTED_LOCAL
Oct 11 05:55:50 localhost NetworkManager[1026]: <info>  [1602410150.8211] manager: NetworkManager state is now CONNECTED_SITE
Oct 11 05:55:50 localhost NetworkManager[1026]: <info>  [1602410150.8212] policy: set 'ens192' (ens192) as default for IPv4 routing and DNS
Oct 11 05:55:50 localhost NetworkManager[1026]: <info>  [1602410150.8245] device (ens192): Activation: successful, device activated.
Oct 11 05:55:50 localhost NetworkManager[1026]: <info>  [1602410150.8250] manager: NetworkManager state is now CONNECTED_GLOBAL
Oct 11 06:42:02 localhost systemd[1]: Starting dnf makecache...
Oct 11 06:42:03 localhost dnf[6326]: CentOS-8 - AppStream                             28 kB/s | 4.3 kB     00:00
Oct 11 06:42:03 localhost dnf[6326]: CentOS-8 - Base                                  14 kB/s | 3.9 kB     00:00
Oct 11 06:42:03 localhost dnf[6326]: CentOS-8 - Extras                               4.5 kB/s | 1.5 kB     00:00
Oct 11 06:42:04 localhost dnf[6326]: Metadata cache created.
Oct 11 06:42:04 localhost systemd[1]: Started dnf makecache.
Oct 11 07:42:52 localhost systemd[1]: Starting dnf makecache...
Oct 11 07:42:53 localhost dnf[6356]: Metadata cache refreshed recently.
Oct 11 07:42:53 localhost systemd[1]: Started dnf makecache.
Oct 11 08:43:02 localhost systemd[1]: Starting dnf makecache...
Oct 11 08:43:03 localhost dnf[6379]: Metadata cache refreshed recently.
Oct 11 08:43:03 localhost systemd[1]: Started dnf makecache.
Oct 11 09:44:02 localhost systemd[1]: Starting dnf makecache...
Oct 11 09:44:03 localhost dnf[6403]: CentOS-8 - AppStream                             15 kB/s | 4.3 kB     00:00
Oct 11 09:44:03 localhost dnf[6403]: CentOS-8 - Base                                  20 kB/s | 3.9 kB     00:00
Oct 11 09:44:03 localhost dnf[6403]: CentOS-8 - Extras                               5.7 kB/s | 1.5 kB     00:00
Oct 11 09:44:04 localhost dnf[6403]: Metadata cache created.
Oct 11 09:44:04 localhost systemd[1]: Started dnf makecache.
Oct 11 10:45:02 localhost systemd[1]: Starting dnf makecache...
Oct 11 10:45:03 localhost dnf[6432]: Metadata cache refreshed recently.
Oct 11 10:45:03 localhost systemd[1]: Started dnf makecache.
Oct 11 11:45:52 localhost systemd[1]: Starting dnf makecache...
Oct 11 11:45:53 localhost dnf[6455]: Metadata cache refreshed recently.
Oct 11 11:45:53 localhost systemd[1]: Started dnf makecache.
Oct 11 12:46:02 localhost systemd[1]: Starting dnf makecache...
Oct 11 12:46:03 localhost dnf[6478]: CentOS-8 - AppStream                             16 kB/s | 4.3 kB     00:00
Oct 11 12:46:03 localhost dnf[6478]: CentOS-8 - Base                                 6.2 kB/s | 3.9 kB     00:00
Oct 11 12:46:04 localhost dnf[6478]: CentOS-8 - Extras                               4.6 kB/s | 1.5 kB     00:00
Oct 11 12:46:04 localhost dnf[6478]: Metadata cache created.
Oct 11 12:46:04 localhost systemd[1]: Started dnf makecache.
Oct 11 13:47:02 localhost systemd[1]: Starting dnf makecache...
Oct 11 13:47:03 localhost dnf[6508]: Metadata cache refreshed recently.
Oct 11 13:47:03 localhost systemd[1]: Started dnf makecache.
Oct 11 14:48:02 localhost systemd[1]: Starting dnf makecache...
Oct 11 14:48:03 localhost dnf[6532]: Metadata cache refreshed recently.
Oct 11 14:48:03 localhost systemd[1]: Started dnf makecache.
Oct 11 15:48:52 localhost systemd[1]: Starting dnf makecache...
Oct 11 15:48:53 localhost dnf[6555]: CentOS-8 - AppStream                             15 kB/s | 4.3 kB     00:00
Oct 11 15:48:53 localhost dnf[6555]: CentOS-8 - Base                                  22 kB/s | 3.9 kB     00:00
Oct 11 15:48:53 localhost dnf[6555]: CentOS-8 - Extras                               7.6 kB/s | 1.5 kB     00:00
Oct 11 15:48:54 localhost dnf[6555]: Metadata cache created.
Oct 11 15:48:54 localhost systemd[1]: Started dnf makecache.
Oct 11 16:49:02 localhost systemd[1]: Starting dnf makecache...
Oct 11 16:49:03 localhost dnf[6584]: Metadata cache refreshed recently.
Oct 11 16:49:03 localhost systemd[1]: Started dnf makecache.
Oct 11 17:50:02 localhost systemd[1]: Starting dnf makecache...
Oct 11 17:50:04 localhost dnf[6608]: Metadata cache refreshed recently.
Oct 11 17:50:04 localhost systemd[1]: Started dnf makecache.
Oct 11 17:55:50 localhost NetworkManager[1026]: <error> [1602453350.8041] dhcp4 (ens192): error -113 dispatching events
Oct 11 17:55:50 localhost NetworkManager[1026]: <info>  [1602453350.8047] dhcp4 (ens192): state changed bound -> fail
Oct 11 17:55:50 localhost NetworkManager[1026]: <info>  [1602453350.8049] device (ens192): DHCPv4: trying to acquire a new lease within 90 seconds
Oct 11 17:55:50 localhost systemd[1]: Starting Cleanup of Temporary Directories...
Oct 11 17:55:50 localhost systemd[1]: Started Cleanup of Temporary Directories.
Oct 11 17:57:20 localhost NetworkManager[1026]: <info>  [1602453440.7772] device (ens192): DHCPv4: grace period expired
Oct 11 17:57:20 localhost NetworkManager[1026]: <info>  [1602453440.7776] device (ens192): state change: activated -> failed (reason 'ip-config-unavailable', sys-iface-state: 'managed')
Oct 11 17:57:20 localhost NetworkManager[1026]: <warn>  [1602453440.7790] device (ens192): Activation: failed for connection 'ens192'
Oct 11 17:57:20 localhost NetworkManager[1026]: <info>  [1602453440.7797] manager: NetworkManager state is now CONNECTED_LOCAL
Oct 11 17:57:20 localhost NetworkManager[1026]: <info>  [1602453440.7801] device (ens192): state change: failed -> disconnected (reason 'none', sys-iface-state: 'managed')
Oct 11 17:57:20 localhost NetworkManager[1026]: <info>  [1602453440.7811] dhcp4 (ens192): canceled DHCP transaction
Oct 11 17:57:20 localhost NetworkManager[1026]: <info>  [1602453440.7811] dhcp4 (ens192): state changed fail -> done
Oct 11 17:57:20 localhost dbus-daemon[987]: [system] Activating via systemd: service name='org.freedesktop.nm_dispatcher' unit='dbus-org.freedesktop.nm-dispatcher.service' requested by ':1.8' (uid=0 pid=1026 comm="/usr/sbin/NetworkManager --no-daemon " label="system_u:system_r:NetworkManager_t:s0")
Oct 11 17:57:20 localhost systemd[1]: Starting Network Manager Script Dispatcher Service...
Oct 11 17:57:20 localhost NetworkManager[1026]: <info>  [1602453440.8043] policy: auto-activating connection 'ens192' (29b6e258-0ffd-4ee3-8f2d-2126105eee4f)
Oct 11 17:57:20 localhost NetworkManager[1026]: <info>  [1602453440.8052] device (ens192): Activation: starting connection 'ens192' (29b6e258-0ffd-4ee3-8f2d-2126105eee4f)
Oct 11 17:57:20 localhost NetworkManager[1026]: <info>  [1602453440.8053] device (ens192): state change: disconnected -> prepare (reason 'none', sys-iface-state: 'managed')
Oct 11 17:57:20 localhost NetworkManager[1026]: <info>  [1602453440.8056] manager: NetworkManager state is now CONNECTING
Oct 11 17:57:20 localhost NetworkManager[1026]: <info>  [1602453440.8057] device (ens192): state change: prepare -> config (reason 'none', sys-iface-state: 'managed')
Oct 11 17:57:20 localhost NetworkManager[1026]: <info>  [1602453440.8062] device (ens192): state change: config -> ip-config (reason 'none', sys-iface-state: 'managed')
Oct 11 17:57:20 localhost NetworkManager[1026]: <info>  [1602453440.8065] dhcp4 (ens192): activation: beginning transaction (timeout in 45 seconds)
Oct 11 17:57:20 localhost dbus-daemon[987]: [system] Successfully activated service 'org.freedesktop.nm_dispatcher'
Oct 11 17:57:20 localhost NetworkManager[1026]: <info>  [1602453440.8153] dhcp4 (ens192): option dhcp_lease_time      => '86400'
Oct 11 17:57:20 localhost NetworkManager[1026]: <info>  [1602453440.8153] dhcp4 (ens192): option domain_name_servers  => '10.102.100.22 10.101.100.42 10.101.100.41'
Oct 11 17:57:20 localhost NetworkManager[1026]: <info>  [1602453440.8153] dhcp4 (ens192): option expiry               => '1602539840'
Oct 11 17:57:20 localhost NetworkManager[1026]: <info>  [1602453440.8153] dhcp4 (ens192): option ip_address           => '172.16.8.2'
Oct 11 17:57:20 localhost NetworkManager[1026]: <info>  [1602453440.8153] dhcp4 (ens192): option requested_broadcast_address => '1'
Oct 11 17:57:20 localhost NetworkManager[1026]: <info>  [1602453440.8154] dhcp4 (ens192): option requested_domain_name => '1'
Oct 11 17:57:20 localhost NetworkManager[1026]: <info>  [1602453440.8154] dhcp4 (ens192): option requested_domain_name_servers => '1'
Oct 11 17:57:20 localhost NetworkManager[1026]: <info>  [1602453440.8154] dhcp4 (ens192): option requested_domain_search => '1'
Oct 11 17:57:20 localhost NetworkManager[1026]: <info>  [1602453440.8154] dhcp4 (ens192): option requested_host_name  => '1'
Oct 11 17:57:20 localhost NetworkManager[1026]: <info>  [1602453440.8154] dhcp4 (ens192): option requested_interface_mtu => '1'
Oct 11 17:57:20 localhost NetworkManager[1026]: <info>  [1602453440.8154] dhcp4 (ens192): option requested_ms_classless_static_routes => '1'
Oct 11 17:57:20 localhost NetworkManager[1026]: <info>  [1602453440.8154] dhcp4 (ens192): option requested_nis_domain => '1'
Oct 11 17:57:20 localhost NetworkManager[1026]: <info>  [1602453440.8154] dhcp4 (ens192): option requested_nis_servers => '1'
Oct 11 17:57:20 localhost NetworkManager[1026]: <info>  [1602453440.8154] dhcp4 (ens192): option requested_ntp_servers => '1'
Oct 11 17:57:20 localhost NetworkManager[1026]: <info>  [1602453440.8154] dhcp4 (ens192): option requested_rfc3442_classless_static_routes => '1'
Oct 11 17:57:20 localhost NetworkManager[1026]: <info>  [1602453440.8154] dhcp4 (ens192): option requested_root_path  => '1'
Oct 11 17:57:20 localhost NetworkManager[1026]: <info>  [1602453440.8154] dhcp4 (ens192): option requested_routers    => '1'
Oct 11 17:57:20 localhost NetworkManager[1026]: <info>  [1602453440.8155] dhcp4 (ens192): option requested_static_routes => '1'
Oct 11 17:57:20 localhost NetworkManager[1026]: <info>  [1602453440.8155] dhcp4 (ens192): option requested_subnet_mask => '1'
Oct 11 17:57:20 localhost NetworkManager[1026]: <info>  [1602453440.8155] dhcp4 (ens192): option requested_time_offset => '1'
Oct 11 17:57:20 localhost NetworkManager[1026]: <info>  [1602453440.8155] dhcp4 (ens192): option requested_wpad       => '1'
Oct 11 17:57:20 localhost NetworkManager[1026]: <info>  [1602453440.8155] dhcp4 (ens192): option routers              => '172.16.255.1'
Oct 11 17:57:20 localhost NetworkManager[1026]: <info>  [1602453440.8155] dhcp4 (ens192): option subnet_mask          => '255.255.0.0'
Oct 11 17:57:20 localhost NetworkManager[1026]: <info>  [1602453440.8155] dhcp4 (ens192): state changed unknown -> bound
Oct 11 17:57:20 localhost NetworkManager[1026]: <info>  [1602453440.8165] device (ens192): state change: ip-config -> ip-check (reason 'none', sys-iface-state: 'managed')
Oct 11 17:57:20 localhost systemd[1]: Started Network Manager Script Dispatcher Service.
Oct 11 17:57:20 localhost NetworkManager[1026]: <info>  [1602453440.8262] device (ens192): state change: ip-check -> secondaries (reason 'none', sys-iface-state: 'managed')
Oct 11 17:57:20 localhost NetworkManager[1026]: <info>  [1602453440.8264] device (ens192): state change: secondaries -> activated (reason 'none', sys-iface-state: 'managed')
Oct 11 17:57:20 localhost NetworkManager[1026]: <info>  [1602453440.8269] manager: NetworkManager state is now CONNECTED_LOCAL
Oct 11 17:57:20 localhost NetworkManager[1026]: <info>  [1602453440.8277] manager: NetworkManager state is now CONNECTED_SITE
Oct 11 17:57:20 localhost NetworkManager[1026]: <info>  [1602453440.8277] policy: set 'ens192' (ens192) as default for IPv4 routing and DNS
Oct 11 17:57:20 localhost NetworkManager[1026]: <info>  [1602453440.8312] device (ens192): Activation: successful, device activated.
Oct 11 17:57:20 localhost NetworkManager[1026]: <info>  [1602453440.8317] manager: NetworkManager state is now CONNECTED_GLOBAL
Oct 11 18:51:02 localhost systemd[1]: Starting dnf makecache...
Oct 11 18:51:03 localhost dnf[6643]: CentOS-8 - AppStream                             13 kB/s | 4.3 kB     00:00
Oct 11 18:51:03 localhost dnf[6643]: CentOS-8 - Base                                  21 kB/s | 3.9 kB     00:00
Oct 11 18:51:03 localhost dnf[6643]: CentOS-8 - Extras                               7.9 kB/s | 1.5 kB     00:00
Oct 11 18:51:04 localhost dnf[6643]: Metadata cache created.
Oct 11 18:51:04 localhost systemd[1]: Started dnf makecache.
Oct 11 19:51:52 localhost systemd[1]: Starting dnf makecache...
Oct 11 19:51:53 localhost dnf[6673]: Metadata cache refreshed recently.
Oct 11 19:51:53 localhost systemd[1]: Started dnf makecache.
Oct 11 20:52:02 localhost systemd[1]: Starting dnf makecache...
Oct 11 20:52:03 localhost dnf[6696]: Metadata cache refreshed recently.
Oct 11 20:52:03 localhost systemd[1]: Started dnf makecache.
Oct 11 21:53:02 localhost systemd[1]: Starting dnf makecache...
Oct 11 21:53:03 localhost dnf[6720]: CentOS-8 - AppStream                             19 kB/s | 4.3 kB     00:00
Oct 11 21:53:03 localhost dnf[6720]: CentOS-8 - Base                                  20 kB/s | 3.9 kB     00:00
Oct 11 21:53:03 localhost dnf[6720]: CentOS-8 - Extras                                16 kB/s | 1.5 kB     00:00
Oct 11 21:53:03 localhost dnf[6720]: Metadata cache created.
Oct 11 21:53:03 localhost systemd[1]: Started dnf makecache.
Oct 11 22:54:02 localhost systemd[1]: Starting dnf makecache...
Oct 11 22:54:03 localhost dnf[6749]: Metadata cache refreshed recently.
Oct 11 22:54:03 localhost systemd[1]: Started dnf makecache.
Oct 11 23:54:52 localhost systemd[1]: Starting dnf makecache...
Oct 11 23:54:53 localhost dnf[6772]: Metadata cache refreshed recently.
Oct 11 23:54:53 localhost systemd[1]: Started dnf makecache.
Oct 12 00:00:52 localhost systemd[1]: Starting update of the root trust anchor for DNSSEC validation in unbound...
Oct 12 00:00:52 localhost systemd[1]: Started update of the root trust anchor for DNSSEC validation in unbound.
Oct 12 00:55:02 localhost systemd[1]: Starting dnf makecache...
Oct 12 00:55:03 localhost dnf[6800]: CentOS-8 - AppStream                             24 kB/s | 4.3 kB     00:00
Oct 12 00:55:03 localhost dnf[6800]: CentOS-8 - Base                                  23 kB/s | 3.9 kB     00:00
Oct 12 00:55:03 localhost dnf[6800]: CentOS-8 - Extras                               5.1 kB/s | 1.5 kB     00:00
Oct 12 00:55:04 localhost dnf[6800]: Metadata cache created.
Oct 12 00:55:04 localhost systemd[1]: Started dnf makecache.
Oct 12 01:56:02 localhost systemd[1]: Starting dnf makecache...
Oct 12 01:56:03 localhost dnf[6831]: Metadata cache refreshed recently.
Oct 12 01:56:03 localhost systemd[1]: Started dnf makecache.
Oct 12 02:57:02 localhost systemd[1]: Starting dnf makecache...
Oct 12 02:57:03 localhost dnf[6857]: Metadata cache refreshed recently.
Oct 12 02:57:03 localhost systemd[1]: Started dnf makecache.
Oct 12 03:57:52 localhost systemd[1]: Starting dnf makecache...
Oct 12 03:57:53 localhost dnf[6891]: CentOS-8 - AppStream                             22 kB/s | 4.3 kB     00:00
Oct 12 03:57:53 localhost dnf[6891]: CentOS-8 - Base                                  15 kB/s | 3.9 kB     00:00
Oct 12 03:57:53 localhost dnf[6891]: CentOS-8 - Extras                               4.6 kB/s | 1.5 kB     00:00
Oct 12 03:57:54 localhost dnf[6891]: Metadata cache created.
Oct 12 03:57:54 localhost systemd[1]: Started dnf makecache.
Oct 12 04:58:02 localhost systemd[1]: Starting dnf makecache...
Oct 12 04:58:03 localhost dnf[6921]: Metadata cache refreshed recently.
Oct 12 04:58:03 localhost systemd[1]: Started dnf makecache.
Oct 12 05:57:20 localhost NetworkManager[1026]: <error> [1602496640.8123] dhcp4 (ens192): error -113 dispatching events
Oct 12 05:57:20 localhost NetworkManager[1026]: <info>  [1602496640.8126] dhcp4 (ens192): state changed bound -> fail
Oct 12 05:57:20 localhost NetworkManager[1026]: <info>  [1602496640.8128] device (ens192): DHCPv4: trying to acquire a new lease within 90 seconds
Oct 12 05:58:50 localhost NetworkManager[1026]: <info>  [1602496730.7733] device (ens192): DHCPv4: grace period expired
Oct 12 05:58:50 localhost NetworkManager[1026]: <info>  [1602496730.7734] device (ens192): state change: activated -> failed (reason 'ip-config-unavailable', sys-iface-state: 'managed')
Oct 12 05:58:50 localhost NetworkManager[1026]: <warn>  [1602496730.7754] device (ens192): Activation: failed for connection 'ens192'
Oct 12 05:58:50 localhost NetworkManager[1026]: <info>  [1602496730.7761] manager: NetworkManager state is now CONNECTED_LOCAL
Oct 12 05:58:50 localhost NetworkManager[1026]: <info>  [1602496730.7765] device (ens192): state change: failed -> disconnected (reason 'none', sys-iface-state: 'managed')
Oct 12 05:58:50 localhost NetworkManager[1026]: <info>  [1602496730.7783] dhcp4 (ens192): canceled DHCP transaction
Oct 12 05:58:50 localhost NetworkManager[1026]: <info>  [1602496730.7783] dhcp4 (ens192): state changed fail -> done
Oct 12 05:58:50 localhost systemd[1]: Starting dnf makecache...
Oct 12 05:58:50 localhost dbus-daemon[987]: [system] Activating via systemd: service name='org.freedesktop.nm_dispatcher' unit='dbus-org.freedesktop.nm-dispatcher.service' requested by ':1.8' (uid=0 pid=1026 comm="/usr/sbin/NetworkManager --no-daemon " label="system_u:system_r:NetworkManager_t:s0")
Oct 12 05:58:50 localhost systemd[1]: Starting Network Manager Script Dispatcher Service...
Oct 12 05:58:50 localhost NetworkManager[1026]: <info>  [1602496730.7947] policy: auto-activating connection 'ens192' (29b6e258-0ffd-4ee3-8f2d-2126105eee4f)
Oct 12 05:58:50 localhost NetworkManager[1026]: <info>  [1602496730.7956] device (ens192): Activation: starting connection 'ens192' (29b6e258-0ffd-4ee3-8f2d-2126105eee4f)
Oct 12 05:58:50 localhost NetworkManager[1026]: <info>  [1602496730.7957] device (ens192): state change: disconnected -> prepare (reason 'none', sys-iface-state: 'managed')
Oct 12 05:58:50 localhost NetworkManager[1026]: <info>  [1602496730.7960] manager: NetworkManager state is now CONNECTING
Oct 12 05:58:50 localhost NetworkManager[1026]: <info>  [1602496730.7961] device (ens192): state change: prepare -> config (reason 'none', sys-iface-state: 'managed')
Oct 12 05:58:50 localhost NetworkManager[1026]: <info>  [1602496730.7966] device (ens192): state change: config -> ip-config (reason 'none', sys-iface-state: 'managed')
Oct 12 05:58:50 localhost NetworkManager[1026]: <info>  [1602496730.7968] dhcp4 (ens192): activation: beginning transaction (timeout in 45 seconds)
Oct 12 05:58:50 localhost dbus-daemon[987]: [system] Successfully activated service 'org.freedesktop.nm_dispatcher'
Oct 12 05:58:50 localhost systemd[1]: Started Network Manager Script Dispatcher Service.
Oct 12 05:58:50 localhost NetworkManager[1026]: <info>  [1602496730.8161] dhcp4 (ens192): option dhcp_lease_time      => '86400'
Oct 12 05:58:50 localhost NetworkManager[1026]: <info>  [1602496730.8161] dhcp4 (ens192): option domain_name_servers  => '10.102.100.22 10.101.100.42 10.101.100.41'
Oct 12 05:58:50 localhost NetworkManager[1026]: <info>  [1602496730.8162] dhcp4 (ens192): option expiry               => '1602583130'
Oct 12 05:58:50 localhost NetworkManager[1026]: <info>  [1602496730.8162] dhcp4 (ens192): option ip_address           => '172.16.8.2'
Oct 12 05:58:50 localhost NetworkManager[1026]: <info>  [1602496730.8162] dhcp4 (ens192): option requested_broadcast_address => '1'
Oct 12 05:58:50 localhost NetworkManager[1026]: <info>  [1602496730.8162] dhcp4 (ens192): option requested_domain_name => '1'
Oct 12 05:58:50 localhost NetworkManager[1026]: <info>  [1602496730.8162] dhcp4 (ens192): option requested_domain_name_servers => '1'
Oct 12 05:58:50 localhost NetworkManager[1026]: <info>  [1602496730.8162] dhcp4 (ens192): option requested_domain_search => '1'
Oct 12 05:58:50 localhost NetworkManager[1026]: <info>  [1602496730.8162] dhcp4 (ens192): option requested_host_name  => '1'
Oct 12 05:58:50 localhost NetworkManager[1026]: <info>  [1602496730.8162] dhcp4 (ens192): option requested_interface_mtu => '1'
Oct 12 05:58:50 localhost NetworkManager[1026]: <info>  [1602496730.8162] dhcp4 (ens192): option requested_ms_classless_static_routes => '1'
Oct 12 05:58:50 localhost NetworkManager[1026]: <info>  [1602496730.8162] dhcp4 (ens192): option requested_nis_domain => '1'
Oct 12 05:58:50 localhost NetworkManager[1026]: <info>  [1602496730.8162] dhcp4 (ens192): option requested_nis_servers => '1'
Oct 12 05:58:50 localhost NetworkManager[1026]: <info>  [1602496730.8162] dhcp4 (ens192): option requested_ntp_servers => '1'
Oct 12 05:58:50 localhost NetworkManager[1026]: <info>  [1602496730.8163] dhcp4 (ens192): option requested_rfc3442_classless_static_routes => '1'
Oct 12 05:58:50 localhost NetworkManager[1026]: <info>  [1602496730.8163] dhcp4 (ens192): option requested_root_path  => '1'
Oct 12 05:58:50 localhost NetworkManager[1026]: <info>  [1602496730.8163] dhcp4 (ens192): option requested_routers    => '1'
Oct 12 05:58:50 localhost NetworkManager[1026]: <info>  [1602496730.8163] dhcp4 (ens192): option requested_static_routes => '1'
Oct 12 05:58:50 localhost NetworkManager[1026]: <info>  [1602496730.8163] dhcp4 (ens192): option requested_subnet_mask => '1'
Oct 12 05:58:50 localhost NetworkManager[1026]: <info>  [1602496730.8163] dhcp4 (ens192): option requested_time_offset => '1'
Oct 12 05:58:50 localhost NetworkManager[1026]: <info>  [1602496730.8163] dhcp4 (ens192): option requested_wpad       => '1'
Oct 12 05:58:50 localhost NetworkManager[1026]: <info>  [1602496730.8163] dhcp4 (ens192): option routers              => '172.16.255.1'
Oct 12 05:58:50 localhost NetworkManager[1026]: <info>  [1602496730.8163] dhcp4 (ens192): option subnet_mask          => '255.255.0.0'
Oct 12 05:58:50 localhost NetworkManager[1026]: <info>  [1602496730.8163] dhcp4 (ens192): state changed unknown -> bound
Oct 12 05:58:50 localhost NetworkManager[1026]: <info>  [1602496730.8173] device (ens192): state change: ip-config -> ip-check (reason 'none', sys-iface-state: 'managed')
Oct 12 05:58:50 localhost NetworkManager[1026]: <info>  [1602496730.8263] device (ens192): state change: ip-check -> secondaries (reason 'none', sys-iface-state: 'managed')
Oct 12 05:58:50 localhost NetworkManager[1026]: <info>  [1602496730.8265] device (ens192): state change: secondaries -> activated (reason 'none', sys-iface-state: 'managed')
Oct 12 05:58:50 localhost NetworkManager[1026]: <info>  [1602496730.8269] manager: NetworkManager state is now CONNECTED_LOCAL
Oct 12 05:58:50 localhost NetworkManager[1026]: <info>  [1602496730.8276] manager: NetworkManager state is now CONNECTED_SITE
Oct 12 05:58:50 localhost NetworkManager[1026]: <info>  [1602496730.8277] policy: set 'ens192' (ens192) as default for IPv4 routing and DNS
Oct 12 05:58:50 localhost NetworkManager[1026]: <info>  [1602496730.8308] device (ens192): Activation: successful, device activated.
Oct 12 05:58:50 localhost NetworkManager[1026]: <info>  [1602496730.8313] manager: NetworkManager state is now CONNECTED_GLOBAL
Oct 12 05:58:51 localhost dnf[6944]: Metadata cache refreshed recently.
Oct 12 05:58:51 localhost systemd[1]: Started dnf makecache.
Oct 12 06:59:02 localhost systemd[1]: Starting dnf makecache...
Oct 12 06:59:03 localhost dnf[6977]: CentOS-8 - AppStream                             17 kB/s | 4.3 kB     00:00
Oct 12 06:59:03 localhost dnf[6977]: CentOS-8 - Base                                  13 kB/s | 3.9 kB     00:00
Oct 12 06:59:03 localhost dnf[6977]: CentOS-8 - Extras                               9.5 kB/s | 1.5 kB     00:00
Oct 12 06:59:04 localhost dnf[6977]: Metadata cache created.
Oct 12 06:59:04 localhost systemd[1]: Started dnf makecache.
Oct 12 08:00:02 localhost systemd[1]: Starting dnf makecache...
Oct 12 08:00:03 localhost dnf[7007]: Metadata cache refreshed recently.
Oct 12 08:00:03 localhost systemd[1]: Started dnf makecache.
Oct 12 09:00:52 localhost systemd[1]: Starting dnf makecache...
Oct 12 09:00:53 localhost dnf[7030]: Metadata cache refreshed recently.
Oct 12 09:00:53 localhost systemd[1]: Started dnf makecache.
Oct 12 10:01:01 localhost systemd[1]: Starting dnf makecache...
Oct 12 10:01:02 localhost dnf[7054]: CentOS-8 - AppStream                             21 kB/s | 4.3 kB     00:00
Oct 12 10:01:02 localhost dnf[7054]: CentOS-8 - Base                                  28 kB/s | 3.9 kB     00:00
Oct 12 10:01:02 localhost dnf[7054]: CentOS-8 - Extras                               5.0 kB/s | 1.5 kB     00:00
Oct 12 10:01:03 localhost dnf[7054]: Metadata cache created.
Oct 12 10:01:03 localhost systemd[1]: Started dnf makecache.
Oct 12 11:02:02 localhost systemd[1]: Starting dnf makecache...
Oct 12 11:02:03 localhost dnf[7094]: Metadata cache refreshed recently.
Oct 12 11:02:03 localhost systemd[1]: Started dnf makecache.
Oct 12 12:03:02 localhost systemd[1]: Starting dnf makecache...
Oct 12 12:03:03 localhost dnf[7117]: Metadata cache refreshed recently.
Oct 12 12:03:03 localhost systemd[1]: Started dnf makecache.
Oct 12 13:03:52 localhost systemd[1]: Starting dnf makecache...
Oct 12 13:03:53 localhost dnf[7141]: CentOS-8 - AppStream                             13 kB/s | 4.3 kB     00:00
Oct 12 13:03:53 localhost dnf[7141]: CentOS-8 - Base                                  15 kB/s | 3.9 kB     00:00
Oct 12 13:03:53 localhost dnf[7141]: CentOS-8 - Extras                               8.3 kB/s | 1.5 kB     00:00
Oct 12 13:03:54 localhost dnf[7141]: Metadata cache created.
Oct 12 13:03:54 localhost systemd[1]: Started dnf makecache.
Oct 12 14:04:02 localhost systemd[1]: Starting dnf makecache...
Oct 12 14:04:03 localhost dnf[7170]: Metadata cache refreshed recently.
Oct 12 14:04:03 localhost systemd[1]: Started dnf makecache.
Oct 12 15:05:02 localhost systemd[1]: Starting dnf makecache...
Oct 12 15:05:03 localhost dnf[7194]: Metadata cache refreshed recently.
Oct 12 15:05:03 localhost systemd[1]: Started dnf makecache.
Oct 12 16:06:02 localhost systemd[1]: Starting dnf makecache...
Oct 12 16:06:03 localhost dnf[7217]: CentOS-8 - AppStream                             17 kB/s | 4.3 kB     00:00
Oct 12 16:06:03 localhost dnf[7217]: CentOS-8 - Base                                  20 kB/s | 3.9 kB     00:00
Oct 12 16:06:03 localhost dnf[7217]: CentOS-8 - Extras                               4.3 kB/s | 1.5 kB     00:00
Oct 12 16:06:04 localhost dnf[7217]: Metadata cache created.
Oct 12 16:06:04 localhost systemd[1]: Started dnf makecache.
Oct 12 17:06:52 localhost systemd[1]: Starting dnf makecache...
Oct 12 17:06:53 localhost dnf[7247]: Metadata cache refreshed recently.
Oct 12 17:06:53 localhost systemd[1]: Started dnf makecache.
Oct 12 17:56:02 localhost systemd[1]: Starting Cleanup of Temporary Directories...
Oct 12 17:56:02 localhost systemd[1]: Started Cleanup of Temporary Directories.
Oct 12 17:58:50 localhost NetworkManager[1026]: <error> [1602539930.8017] dhcp4 (ens192): error -113 dispatching events
Oct 12 17:58:50 localhost NetworkManager[1026]: <info>  [1602539930.8020] dhcp4 (ens192): state changed bound -> fail
Oct 12 17:58:50 localhost NetworkManager[1026]: <info>  [1602539930.8021] device (ens192): DHCPv4: trying to acquire a new lease within 90 seconds
Oct 12 18:00:20 localhost NetworkManager[1026]: <info>  [1602540020.7352] device (ens192): DHCPv4: grace period expired
Oct 12 18:00:20 localhost NetworkManager[1026]: <info>  [1602540020.7353] device (ens192): state change: activated -> failed (reason 'ip-config-unavailable', sys-iface-state: 'managed')
Oct 12 18:00:20 localhost NetworkManager[1026]: <warn>  [1602540020.7366] device (ens192): Activation: failed for connection 'ens192'
Oct 12 18:00:20 localhost NetworkManager[1026]: <info>  [1602540020.7373] manager: NetworkManager state is now CONNECTED_LOCAL
Oct 12 18:00:20 localhost NetworkManager[1026]: <info>  [1602540020.7377] device (ens192): state change: failed -> disconnected (reason 'none', sys-iface-state: 'managed')
Oct 12 18:00:20 localhost NetworkManager[1026]: <info>  [1602540020.7386] dhcp4 (ens192): canceled DHCP transaction
Oct 12 18:00:20 localhost NetworkManager[1026]: <info>  [1602540020.7387] dhcp4 (ens192): state changed fail -> done
Oct 12 18:00:20 localhost dbus-daemon[987]: [system] Activating via systemd: service name='org.freedesktop.nm_dispatcher' unit='dbus-org.freedesktop.nm-dispatcher.service' requested by ':1.8' (uid=0 pid=1026 comm="/usr/sbin/NetworkManager --no-daemon " label="system_u:system_r:NetworkManager_t:s0")
Oct 12 18:00:20 localhost systemd[1]: Starting Network Manager Script Dispatcher Service...
Oct 12 18:00:20 localhost NetworkManager[1026]: <info>  [1602540020.7628] policy: auto-activating connection 'ens192' (29b6e258-0ffd-4ee3-8f2d-2126105eee4f)
Oct 12 18:00:20 localhost NetworkManager[1026]: <info>  [1602540020.7637] device (ens192): Activation: starting connection 'ens192' (29b6e258-0ffd-4ee3-8f2d-2126105eee4f)
Oct 12 18:00:20 localhost NetworkManager[1026]: <info>  [1602540020.7638] device (ens192): state change: disconnected -> prepare (reason 'none', sys-iface-state: 'managed')
Oct 12 18:00:20 localhost NetworkManager[1026]: <info>  [1602540020.7641] manager: NetworkManager state is now CONNECTING
Oct 12 18:00:20 localhost NetworkManager[1026]: <info>  [1602540020.7643] device (ens192): state change: prepare -> config (reason 'none', sys-iface-state: 'managed')
Oct 12 18:00:20 localhost NetworkManager[1026]: <info>  [1602540020.7648] device (ens192): state change: config -> ip-config (reason 'none', sys-iface-state: 'managed')
Oct 12 18:00:20 localhost NetworkManager[1026]: <info>  [1602540020.7650] dhcp4 (ens192): activation: beginning transaction (timeout in 45 seconds)
Oct 12 18:00:20 localhost dbus-daemon[987]: [system] Successfully activated service 'org.freedesktop.nm_dispatcher'
Oct 12 18:00:20 localhost systemd[1]: Started Network Manager Script Dispatcher Service.
Oct 12 18:00:20 localhost NetworkManager[1026]: <info>  [1602540020.7761] dhcp4 (ens192): option dhcp_lease_time      => '86400'
Oct 12 18:00:20 localhost NetworkManager[1026]: <info>  [1602540020.7762] dhcp4 (ens192): option domain_name_servers  => '10.102.100.22 10.101.100.42 10.101.100.41'
Oct 12 18:00:20 localhost NetworkManager[1026]: <info>  [1602540020.7762] dhcp4 (ens192): option expiry               => '1602626420'
Oct 12 18:00:20 localhost NetworkManager[1026]: <info>  [1602540020.7762] dhcp4 (ens192): option ip_address           => '172.16.8.2'
Oct 12 18:00:20 localhost NetworkManager[1026]: <info>  [1602540020.7762] dhcp4 (ens192): option requested_broadcast_address => '1'
Oct 12 18:00:20 localhost NetworkManager[1026]: <info>  [1602540020.7762] dhcp4 (ens192): option requested_domain_name => '1'
Oct 12 18:00:20 localhost NetworkManager[1026]: <info>  [1602540020.7762] dhcp4 (ens192): option requested_domain_name_servers => '1'
Oct 12 18:00:20 localhost NetworkManager[1026]: <info>  [1602540020.7762] dhcp4 (ens192): option requested_domain_search => '1'
Oct 12 18:00:20 localhost NetworkManager[1026]: <info>  [1602540020.7762] dhcp4 (ens192): option requested_host_name  => '1'
Oct 12 18:00:20 localhost NetworkManager[1026]: <info>  [1602540020.7762] dhcp4 (ens192): option requested_interface_mtu => '1'
Oct 12 18:00:20 localhost NetworkManager[1026]: <info>  [1602540020.7762] dhcp4 (ens192): option requested_ms_classless_static_routes => '1'
Oct 12 18:00:20 localhost NetworkManager[1026]: <info>  [1602540020.7762] dhcp4 (ens192): option requested_nis_domain => '1'
Oct 12 18:00:20 localhost NetworkManager[1026]: <info>  [1602540020.7763] dhcp4 (ens192): option requested_nis_servers => '1'
Oct 12 18:00:20 localhost NetworkManager[1026]: <info>  [1602540020.7763] dhcp4 (ens192): option requested_ntp_servers => '1'
Oct 12 18:00:20 localhost NetworkManager[1026]: <info>  [1602540020.7763] dhcp4 (ens192): option requested_rfc3442_classless_static_routes => '1'
Oct 12 18:00:20 localhost NetworkManager[1026]: <info>  [1602540020.7763] dhcp4 (ens192): option requested_root_path  => '1'
Oct 12 18:00:20 localhost NetworkManager[1026]: <info>  [1602540020.7763] dhcp4 (ens192): option requested_routers    => '1'
Oct 12 18:00:20 localhost NetworkManager[1026]: <info>  [1602540020.7763] dhcp4 (ens192): option requested_static_routes => '1'
Oct 12 18:00:20 localhost NetworkManager[1026]: <info>  [1602540020.7763] dhcp4 (ens192): option requested_subnet_mask => '1'
Oct 12 18:00:20 localhost NetworkManager[1026]: <info>  [1602540020.7763] dhcp4 (ens192): option requested_time_offset => '1'
Oct 12 18:00:20 localhost NetworkManager[1026]: <info>  [1602540020.7763] dhcp4 (ens192): option requested_wpad       => '1'
Oct 12 18:00:20 localhost NetworkManager[1026]: <info>  [1602540020.7763] dhcp4 (ens192): option routers              => '172.16.255.1'
Oct 12 18:00:20 localhost NetworkManager[1026]: <info>  [1602540020.7763] dhcp4 (ens192): option subnet_mask          => '255.255.0.0'
Oct 12 18:00:20 localhost NetworkManager[1026]: <info>  [1602540020.7763] dhcp4 (ens192): state changed unknown -> bound
Oct 12 18:00:20 localhost NetworkManager[1026]: <info>  [1602540020.7772] device (ens192): state change: ip-config -> ip-check (reason 'none', sys-iface-state: 'managed')
Oct 12 18:00:20 localhost NetworkManager[1026]: <info>  [1602540020.7851] device (ens192): state change: ip-check -> secondaries (reason 'none', sys-iface-state: 'managed')
Oct 12 18:00:20 localhost NetworkManager[1026]: <info>  [1602540020.7853] device (ens192): state change: secondaries -> activated (reason 'none', sys-iface-state: 'managed')
Oct 12 18:00:20 localhost NetworkManager[1026]: <info>  [1602540020.7857] manager: NetworkManager state is now CONNECTED_LOCAL
Oct 12 18:00:20 localhost NetworkManager[1026]: <info>  [1602540020.7865] manager: NetworkManager state is now CONNECTED_SITE
Oct 12 18:00:20 localhost NetworkManager[1026]: <info>  [1602540020.7866] policy: set 'ens192' (ens192) as default for IPv4 routing and DNS
Oct 12 18:00:20 localhost NetworkManager[1026]: <info>  [1602540020.7899] device (ens192): Activation: successful, device activated.
Oct 12 18:00:20 localhost NetworkManager[1026]: <info>  [1602540020.7904] manager: NetworkManager state is now CONNECTED_GLOBAL
Oct 12 18:07:02 localhost systemd[1]: Starting dnf makecache...
Oct 12 18:07:03 localhost dnf[7282]: Metadata cache refreshed recently.
Oct 12 18:07:03 localhost systemd[1]: Started dnf makecache.
Oct 12 19:08:02 localhost systemd[1]: Starting dnf makecache...
Oct 12 19:08:03 localhost dnf[7305]: CentOS-8 - AppStream                             14 kB/s | 4.3 kB     00:00
Oct 12 19:08:03 localhost dnf[7305]: CentOS-8 - Base                                  37 kB/s | 3.9 kB     00:00
Oct 12 19:08:03 localhost dnf[7305]: CentOS-8 - Extras                               5.1 kB/s | 1.5 kB     00:00
Oct 12 19:08:04 localhost dnf[7305]: Metadata cache created.
Oct 12 19:08:04 localhost systemd[1]: Started dnf makecache.
Oct 12 20:09:02 localhost systemd[1]: Starting dnf makecache...
Oct 12 20:09:03 localhost dnf[7335]: Metadata cache refreshed recently.
Oct 12 20:09:03 localhost systemd[1]: Started dnf makecache.
Oct 12 21:09:52 localhost systemd[1]: Starting dnf makecache...
Oct 12 21:09:53 localhost dnf[7358]: Metadata cache refreshed recently.
Oct 12 21:09:53 localhost systemd[1]: Started dnf makecache.
Oct 12 22:10:02 localhost systemd[1]: Starting dnf makecache...
Oct 12 22:10:03 localhost dnf[7382]: CentOS-8 - AppStream                            9.0 kB/s | 4.3 kB     00:00
Oct 12 22:10:03 localhost dnf[7382]: CentOS-8 - Base                                 9.7 kB/s | 3.9 kB     00:00
Oct 12 22:10:04 localhost dnf[7382]: CentOS-8 - Extras                               7.3 kB/s | 1.5 kB     00:00
Oct 12 22:10:04 localhost dnf[7382]: Metadata cache created.
Oct 12 22:10:04 localhost systemd[1]: Started dnf makecache.
Oct 12 23:11:02 localhost systemd[1]: Starting dnf makecache...
Oct 12 23:11:03 localhost dnf[7411]: Metadata cache refreshed recently.
Oct 12 23:11:03 localhost systemd[1]: Started dnf makecache.
Oct 13 00:00:52 localhost systemd[1]: Starting update of the root trust anchor for DNSSEC validation in unbound...
Oct 13 00:00:52 localhost systemd[1]: Started update of the root trust anchor for DNSSEC validation in unbound.
Oct 13 00:12:02 localhost systemd[1]: Starting dnf makecache...
Oct 13 00:12:03 localhost dnf[7439]: Metadata cache refreshed recently.
Oct 13 00:12:03 localhost systemd[1]: Started dnf makecache.
Oct 13 01:12:52 localhost systemd[1]: Starting dnf makecache...
Oct 13 01:12:53 localhost dnf[7464]: CentOS-8 - AppStream                             22 kB/s | 4.3 kB     00:00
Oct 13 01:12:53 localhost dnf[7464]: CentOS-8 - Base                                  14 kB/s | 3.9 kB     00:00
Oct 13 01:12:53 localhost dnf[7464]: CentOS-8 - Extras                                12 kB/s | 1.5 kB     00:00
Oct 13 01:12:54 localhost dnf[7464]: Metadata cache created.
Oct 13 01:12:54 localhost systemd[1]: Started dnf makecache.
Oct 13 02:13:02 localhost systemd[1]: Starting dnf makecache...
Oct 13 02:13:03 localhost dnf[7495]: Metadata cache refreshed recently.
Oct 13 02:13:03 localhost systemd[1]: Started dnf makecache.
Oct 13 03:14:02 localhost systemd[1]: Starting dnf makecache...
Oct 13 03:14:03 localhost dnf[7521]: Metadata cache refreshed recently.
Oct 13 03:14:03 localhost systemd[1]: Started dnf makecache.
Oct 13 04:15:02 localhost systemd[1]: Starting dnf makecache...
Oct 13 04:15:03 localhost dnf[7553]: CentOS-8 - AppStream                             15 kB/s | 4.3 kB     00:00
Oct 13 04:15:03 localhost dnf[7553]: CentOS-8 - Base                                  13 kB/s | 3.9 kB     00:00
Oct 13 04:15:03 localhost dnf[7553]: CentOS-8 - Extras                               6.7 kB/s | 1.5 kB     00:00
Oct 13 04:15:04 localhost dnf[7553]: Metadata cache created.
Oct 13 04:15:04 localhost systemd[1]: Started dnf makecache.
Oct 13 05:15:52 localhost systemd[1]: Starting dnf makecache...
Oct 13 05:15:53 localhost dnf[7582]: Metadata cache refreshed recently.
Oct 13 05:15:53 localhost systemd[1]: Started dnf makecache.
Oct 13 06:00:20 localhost NetworkManager[1026]: <error> [1602583220.7755] dhcp4 (ens192): error -113 dispatching events
Oct 13 06:00:20 localhost NetworkManager[1026]: <info>  [1602583220.7759] dhcp4 (ens192): state changed bound -> fail
Oct 13 06:00:20 localhost NetworkManager[1026]: <info>  [1602583220.7760] device (ens192): DHCPv4: trying to acquire a new lease within 90 seconds
Oct 13 06:01:50 localhost NetworkManager[1026]: <info>  [1602583310.7502] device (ens192): DHCPv4: grace period expired
Oct 13 06:01:50 localhost NetworkManager[1026]: <info>  [1602583310.7503] device (ens192): state change: activated -> failed (reason 'ip-config-unavailable', sys-iface-state: 'managed')
Oct 13 06:01:50 localhost NetworkManager[1026]: <warn>  [1602583310.7517] device (ens192): Activation: failed for connection 'ens192'
Oct 13 06:01:50 localhost NetworkManager[1026]: <info>  [1602583310.7524] manager: NetworkManager state is now CONNECTED_LOCAL
Oct 13 06:01:50 localhost NetworkManager[1026]: <info>  [1602583310.7528] device (ens192): state change: failed -> disconnected (reason 'none', sys-iface-state: 'managed')
Oct 13 06:01:50 localhost NetworkManager[1026]: <info>  [1602583310.7543] dhcp4 (ens192): canceled DHCP transaction
Oct 13 06:01:50 localhost NetworkManager[1026]: <info>  [1602583310.7544] dhcp4 (ens192): state changed fail -> done
Oct 13 06:01:50 localhost dbus-daemon[987]: [system] Activating via systemd: service name='org.freedesktop.nm_dispatcher' unit='dbus-org.freedesktop.nm-dispatcher.service' requested by ':1.8' (uid=0 pid=1026 comm="/usr/sbin/NetworkManager --no-daemon " label="system_u:system_r:NetworkManager_t:s0")
Oct 13 06:01:50 localhost systemd[1]: Starting Network Manager Script Dispatcher Service...
Oct 13 06:01:50 localhost NetworkManager[1026]: <info>  [1602583310.7766] policy: auto-activating connection 'ens192' (29b6e258-0ffd-4ee3-8f2d-2126105eee4f)
Oct 13 06:01:50 localhost NetworkManager[1026]: <info>  [1602583310.7776] device (ens192): Activation: starting connection 'ens192' (29b6e258-0ffd-4ee3-8f2d-2126105eee4f)
Oct 13 06:01:50 localhost NetworkManager[1026]: <info>  [1602583310.7777] device (ens192): state change: disconnected -> prepare (reason 'none', sys-iface-state: 'managed')
Oct 13 06:01:50 localhost NetworkManager[1026]: <info>  [1602583310.7779] manager: NetworkManager state is now CONNECTING
Oct 13 06:01:50 localhost NetworkManager[1026]: <info>  [1602583310.7780] device (ens192): state change: prepare -> config (reason 'none', sys-iface-state: 'managed')
Oct 13 06:01:50 localhost NetworkManager[1026]: <info>  [1602583310.7785] device (ens192): state change: config -> ip-config (reason 'none', sys-iface-state: 'managed')
Oct 13 06:01:50 localhost NetworkManager[1026]: <info>  [1602583310.7788] dhcp4 (ens192): activation: beginning transaction (timeout in 45 seconds)
Oct 13 06:01:50 localhost dbus-daemon[987]: [system] Successfully activated service 'org.freedesktop.nm_dispatcher'
Oct 13 06:01:50 localhost systemd[1]: Started Network Manager Script Dispatcher Service.
Oct 13 06:01:50 localhost NetworkManager[1026]: <info>  [1602583310.7880] dhcp4 (ens192): option dhcp_lease_time      => '86400'
Oct 13 06:01:50 localhost NetworkManager[1026]: <info>  [1602583310.7880] dhcp4 (ens192): option domain_name_servers  => '10.102.100.22 10.101.100.42 10.101.100.41'
Oct 13 06:01:50 localhost NetworkManager[1026]: <info>  [1602583310.7880] dhcp4 (ens192): option expiry               => '1602669710'
Oct 13 06:01:50 localhost NetworkManager[1026]: <info>  [1602583310.7880] dhcp4 (ens192): option ip_address           => '172.16.8.2'
Oct 13 06:01:50 localhost NetworkManager[1026]: <info>  [1602583310.7880] dhcp4 (ens192): option requested_broadcast_address => '1'
Oct 13 06:01:50 localhost NetworkManager[1026]: <info>  [1602583310.7880] dhcp4 (ens192): option requested_domain_name => '1'
Oct 13 06:01:50 localhost NetworkManager[1026]: <info>  [1602583310.7880] dhcp4 (ens192): option requested_domain_name_servers => '1'
Oct 13 06:01:50 localhost NetworkManager[1026]: <info>  [1602583310.7880] dhcp4 (ens192): option requested_domain_search => '1'
Oct 13 06:01:50 localhost NetworkManager[1026]: <info>  [1602583310.7880] dhcp4 (ens192): option requested_host_name  => '1'
Oct 13 06:01:50 localhost NetworkManager[1026]: <info>  [1602583310.7881] dhcp4 (ens192): option requested_interface_mtu => '1'
Oct 13 06:01:50 localhost NetworkManager[1026]: <info>  [1602583310.7881] dhcp4 (ens192): option requested_ms_classless_static_routes => '1'
Oct 13 06:01:50 localhost NetworkManager[1026]: <info>  [1602583310.7881] dhcp4 (ens192): option requested_nis_domain => '1'
Oct 13 06:01:50 localhost NetworkManager[1026]: <info>  [1602583310.7881] dhcp4 (ens192): option requested_nis_servers => '1'
Oct 13 06:01:50 localhost NetworkManager[1026]: <info>  [1602583310.7881] dhcp4 (ens192): option requested_ntp_servers => '1'
Oct 13 06:01:50 localhost NetworkManager[1026]: <info>  [1602583310.7881] dhcp4 (ens192): option requested_rfc3442_classless_static_routes => '1'
Oct 13 06:01:50 localhost NetworkManager[1026]: <info>  [1602583310.7881] dhcp4 (ens192): option requested_root_path  => '1'
Oct 13 06:01:50 localhost NetworkManager[1026]: <info>  [1602583310.7881] dhcp4 (ens192): option requested_routers    => '1'
Oct 13 06:01:50 localhost NetworkManager[1026]: <info>  [1602583310.7881] dhcp4 (ens192): option requested_static_routes => '1'
Oct 13 06:01:50 localhost NetworkManager[1026]: <info>  [1602583310.7881] dhcp4 (ens192): option requested_subnet_mask => '1'
Oct 13 06:01:50 localhost NetworkManager[1026]: <info>  [1602583310.7882] dhcp4 (ens192): option requested_time_offset => '1'
Oct 13 06:01:50 localhost NetworkManager[1026]: <info>  [1602583310.7882] dhcp4 (ens192): option requested_wpad       => '1'
Oct 13 06:01:50 localhost NetworkManager[1026]: <info>  [1602583310.7882] dhcp4 (ens192): option routers              => '172.16.255.1'
Oct 13 06:01:50 localhost NetworkManager[1026]: <info>  [1602583310.7882] dhcp4 (ens192): option subnet_mask          => '255.255.0.0'
Oct 13 06:01:50 localhost NetworkManager[1026]: <info>  [1602583310.7882] dhcp4 (ens192): state changed unknown -> bound
Oct 13 06:01:50 localhost NetworkManager[1026]: <info>  [1602583310.7891] device (ens192): state change: ip-config -> ip-check (reason 'none', sys-iface-state: 'managed')
Oct 13 06:01:50 localhost NetworkManager[1026]: <info>  [1602583310.7983] device (ens192): state change: ip-check -> secondaries (reason 'none', sys-iface-state: 'managed')
Oct 13 06:01:50 localhost NetworkManager[1026]: <info>  [1602583310.7986] device (ens192): state change: secondaries -> activated (reason 'none', sys-iface-state: 'managed')
Oct 13 06:01:50 localhost NetworkManager[1026]: <info>  [1602583310.7989] manager: NetworkManager state is now CONNECTED_LOCAL
Oct 13 06:01:50 localhost NetworkManager[1026]: <info>  [1602583310.7997] manager: NetworkManager state is now CONNECTED_SITE
Oct 13 06:01:50 localhost NetworkManager[1026]: <info>  [1602583310.7998] policy: set 'ens192' (ens192) as default for IPv4 routing and DNS
Oct 13 06:01:50 localhost NetworkManager[1026]: <info>  [1602583310.8032] device (ens192): Activation: successful, device activated.
Oct 13 06:01:50 localhost NetworkManager[1026]: <info>  [1602583310.8037] manager: NetworkManager state is now CONNECTED_GLOBAL
Oct 13 06:16:02 localhost systemd[1]: Starting dnf makecache...
Oct 13 06:16:03 localhost dnf[7616]: Metadata cache refreshed recently.
Oct 13 06:16:03 localhost systemd[1]: Started dnf makecache.
Oct 13 07:17:02 localhost systemd[1]: Starting dnf makecache...
Oct 13 07:17:03 localhost dnf[7639]: CentOS-8 - AppStream                             24 kB/s | 4.3 kB     00:00
Oct 13 07:17:03 localhost dnf[7639]: CentOS-8 - Base                                  12 kB/s | 3.9 kB     00:00
Oct 13 07:17:03 localhost dnf[7639]: CentOS-8 - Extras                               8.1 kB/s | 1.5 kB     00:00
Oct 13 07:17:04 localhost dnf[7639]: Metadata cache created.
Oct 13 07:17:04 localhost systemd[1]: Started dnf makecache.
Oct 13 08:18:02 localhost systemd[1]: Starting dnf makecache...
Oct 13 08:18:03 localhost dnf[7669]: Metadata cache refreshed recently.
Oct 13 08:18:03 localhost systemd[1]: Started dnf makecache.
Oct 13 08:53:14 localhost systemd[1]: Started /run/user/1001 mount wrapper.
Oct 13 08:53:14 localhost systemd[1]: Created slice User Slice of UID 1001.
Oct 13 08:53:14 localhost systemd[1]: Starting User Manager for UID 1001...
Oct 13 08:53:14 localhost systemd[1]: Started Session 19 of user instructor.
Oct 13 08:53:14 localhost systemd-logind[1015]: New session 19 of user instructor.
Oct 13 08:53:15 localhost systemd[7681]: Started Mark boot as successful after the user session has run 2 minutes.
Oct 13 08:53:15 localhost systemd[7681]: Reached target Timers.
Oct 13 08:53:15 localhost systemd[7681]: Reached target Paths.
Oct 13 08:53:15 localhost systemd[7681]: Starting D-Bus User Message Bus Socket.
Oct 13 08:53:15 localhost systemd[7681]: Listening on D-Bus User Message Bus Socket.
Oct 13 08:53:15 localhost systemd[7681]: Reached target Sockets.
Oct 13 08:53:15 localhost systemd[7681]: Reached target Basic System.
Oct 13 08:53:15 localhost systemd[7681]: Reached target Default.
Oct 13 08:53:15 localhost systemd[7681]: Startup finished in 38ms.
Oct 13 08:53:15 localhost systemd[1]: Started User Manager for UID 1001.
Oct 13 08:53:15 localhost systemd-logind[1015]: Session 19 logged out. Waiting for processes to exit.
Oct 13 08:53:15 localhost systemd-logind[1015]: Removed session 19.
Oct 13 08:53:15 localhost systemd[1]: user-runtime-dir@1001.service: Unit not needed anymore. Stopping.
Oct 13 08:53:15 localhost systemd[1]: Stopping User Manager for UID 1001...
Oct 13 08:53:15 localhost systemd[7681]: Stopped target Default.
Oct 13 08:53:15 localhost systemd[7681]: Stopped target Basic System.
Oct 13 08:53:15 localhost systemd[7681]: Stopped target Timers.
Oct 13 08:53:15 localhost systemd[7681]: Stopped target Sockets.
Oct 13 08:53:15 localhost systemd[7681]: Closed D-Bus User Message Bus Socket.
Oct 13 08:53:15 localhost systemd[7681]: Stopped target Paths.
Oct 13 08:53:15 localhost systemd[7681]: Stopped Mark boot as successful after the user session has run 2 minutes.
Oct 13 08:53:15 localhost systemd[7681]: Reached target Shutdown.
Oct 13 08:53:15 localhost systemd[7681]: Starting Exit the Session...
Oct 13 08:53:15 localhost systemd[1]: user@1001.service: Killing process 7707 (systemctl) with signal SIGKILL.
Oct 13 08:53:15 localhost systemd[1]: user-runtime-dir@1001.service: Unit not needed anymore. Stopping.
Oct 13 08:53:15 localhost systemd[1]: Stopped User Manager for UID 1001.
Oct 13 08:53:15 localhost systemd[1]: user-runtime-dir@1001.service: Unit not needed anymore. Stopping.
Oct 13 08:53:15 localhost systemd[1]: Stopping /run/user/1001 mount wrapper...
Oct 13 08:53:15 localhost systemd[1]: Removed slice User Slice of UID 1001.
Oct 13 08:53:15 localhost systemd[1]: Stopped /run/user/1001 mount wrapper.
Oct 13 09:18:52 localhost systemd[1]: Starting dnf makecache...
Oct 13 09:18:53 localhost dnf[7732]: Metadata cache refreshed recently.
Oct 13 09:18:53 localhost systemd[1]: Started dnf makecache.
Oct 13 10:19:02 localhost systemd[1]: Starting dnf makecache...
Oct 13 10:19:03 localhost dnf[7755]: CentOS-8 - AppStream                             18 kB/s | 4.3 kB     00:00
Oct 13 10:19:10 localhost dnf[7755]: CentOS-8 - Base                                 539  B/s | 3.9 kB     00:07
Oct 13 10:19:11 localhost dnf[7755]: CentOS-8 - Extras                               3.8 kB/s | 1.5 kB     00:00
Oct 13 10:19:11 localhost dnf[7755]: Metadata cache created.
Oct 13 10:19:11 localhost systemd[1]: Started dnf makecache.
Oct 13 11:20:02 localhost systemd[1]: Starting dnf makecache...
Oct 13 11:20:03 localhost dnf[7784]: Metadata cache refreshed recently.
Oct 13 11:20:03 localhost systemd[1]: Started dnf makecache.
Oct 13 12:21:02 localhost systemd[1]: Starting dnf makecache...
Oct 13 12:21:03 localhost dnf[7808]: Metadata cache refreshed recently.
Oct 13 12:21:03 localhost systemd[1]: Started dnf makecache.
Oct 13 13:21:52 localhost systemd[1]: Starting dnf makecache...
Oct 13 13:21:53 localhost dnf[7831]: CentOS-8 - AppStream                             14 kB/s | 4.3 kB     00:00
Oct 13 13:21:53 localhost dnf[7831]: CentOS-8 - Base                                  12 kB/s | 3.9 kB     00:00
Oct 13 13:21:53 localhost dnf[7831]: CentOS-8 - Extras                               8.1 kB/s | 1.5 kB     00:00
Oct 13 13:21:54 localhost dnf[7831]: Metadata cache created.
Oct 13 13:21:54 localhost systemd[1]: Started dnf makecache.
Oct 13 14:22:02 localhost systemd[1]: Starting dnf makecache...
Oct 13 14:22:03 localhost dnf[7860]: Metadata cache refreshed recently.
Oct 13 14:22:03 localhost systemd[1]: Started dnf makecache.
Oct 13 15:04:54 localhost dbus-daemon[987]: [system] Reloaded configuration
Oct 13 15:04:54 localhost dbus-daemon[987]: [system] Reloaded configuration
Oct 13 15:04:55 localhost dbus-daemon[987]: [system] Reloaded configuration
Oct 13 15:04:55 localhost dbus-daemon[987]: [system] Reloaded configuration
Oct 13 15:04:55 localhost dbus-daemon[987]: [system] Reloaded configuration
Oct 13 15:04:55 localhost systemd[1]: Reexecuting.
Oct 13 15:04:55 localhost kernel: printk: systemd: 47 output lines suppressed due to ratelimiting
Oct 13 15:04:55 localhost systemd[1]: systemd 239 running in system mode. (+PAM +AUDIT +SELINUX +IMA -APPARMOR +SMACK +SYSVINIT +UTMP +LIBCRYPTSETUP +GCRYPT +GNUTLS +ACL +XZ +LZ4 +SECCOMP +BLKID +ELFUTILS +KMOD +IDN2 -IDN +PCRE2 default-hierarchy=legacy)
Oct 13 15:04:55 localhost systemd[1]: Detected virtualization vmware.
Oct 13 15:04:55 localhost systemd[1]: Detected architecture x86-64.
Oct 13 15:04:55 localhost dbus-daemon[987]: [system] Reloaded configuration
Oct 13 15:04:55 localhost dbus-daemon[987]: [system] Reloaded configuration
Oct 13 15:05:00 localhost NetworkManager[1026]: <info>  [1602615900.2027] manager: kernel firmware directory '/lib/firmware' changed
Oct 13 15:05:45 localhost kernel: SELinux:  Converting 2322 SID table entries...
Oct 13 15:05:46 localhost kernel: SELinux:  Context system_u:unconfined_r:sandbox_t:s0-s0:c0.c1023 became invalid (unmapped).
Oct 13 15:05:47 localhost kernel: SELinux:  Context unconfined_u:unconfined_r:sandbox_t:s0-s0:c0.c1023 became invalid (unmapped).
Oct 13 15:05:47 localhost kernel: SELinux:  policy capability network_peer_controls=1
Oct 13 15:05:47 localhost kernel: SELinux:  policy capability open_perms=1
Oct 13 15:05:47 localhost kernel: SELinux:  policy capability extended_socket_class=1
Oct 13 15:05:47 localhost kernel: SELinux:  policy capability always_check_network=0
Oct 13 15:05:47 localhost kernel: SELinux:  policy capability cgroup_seclabel=1
Oct 13 15:05:47 localhost kernel: SELinux:  policy capability nnp_nosuid_transition=1
Oct 13 15:05:47 localhost dbus-daemon[987]: [system] Reloaded configuration
Oct 13 15:05:49 localhost NetworkManager[1026]: <info>  [1602615949.5703] manager: kernel firmware directory '/lib/firmware' changed
Oct 13 15:05:55 localhost systemd[1]: Stopping udev Kernel Device Manager...
Oct 13 15:05:55 localhost systemd[1]: Stopped udev Kernel Device Manager.
Oct 13 15:05:55 localhost systemd[1]: Starting udev Kernel Device Manager...
Oct 13 15:05:55 localhost systemd[1]: Started udev Kernel Device Manager.
Oct 13 15:05:55 localhost systemd[1]: Stopping Service for virtual machines hosted on VMware...
Oct 13 15:05:55 localhost systemd[1]: Stopped Service for virtual machines hosted on VMware.
Oct 13 15:05:55 localhost systemd[1]: Stopping VGAuth Service for open-vm-tools...
Oct 13 15:05:55 localhost systemd[1]: Stopped VGAuth Service for open-vm-tools.
Oct 13 15:05:55 localhost systemd[1]: Started VGAuth Service for open-vm-tools.
Oct 13 15:05:55 localhost systemd[1]: Started Service for virtual machines hosted on VMware.
Oct 13 15:05:55 localhost journal[13472]: Pref_Init: Using '/etc/vmware-tools/vgauth.conf' as preferences filepath
Oct 13 15:05:55 localhost journal[13472]: Core dump limit set to -1
Oct 13 15:05:55 localhost systemd[1]: Stopping Service for virtual machines hosted on VMware...
Oct 13 15:05:55 localhost systemd[1]: Stopped Service for virtual machines hosted on VMware.
Oct 13 15:05:55 localhost systemd[1]: Stopping VGAuth Service for open-vm-tools...
Oct 13 15:05:55 localhost systemd[1]: Stopped VGAuth Service for open-vm-tools.
Oct 13 15:05:55 localhost systemd[1]: Started VGAuth Service for open-vm-tools.
Oct 13 15:05:55 localhost systemd[1]: Started Service for virtual machines hosted on VMware.
Oct 13 15:05:55 localhost journal[13477]: Pref_Init: Using '/etc/vmware-tools/vgauth.conf' as preferences filepath
Oct 13 15:05:55 localhost journal[13477]: Core dump limit set to -1
Oct 13 15:05:56 localhost systemd[1]: Stopped dnf makecache --timer.
Oct 13 15:05:56 localhost systemd[1]: Stopping dnf makecache --timer.
Oct 13 15:05:56 localhost systemd[1]: Started dnf makecache --timer.
Oct 13 15:05:57 localhost systemd[1]: Stopped daily update of the root trust anchor for DNSSEC.
Oct 13 15:05:57 localhost systemd[1]: Stopping daily update of the root trust anchor for DNSSEC.
Oct 13 15:05:57 localhost systemd[1]: Started daily update of the root trust anchor for DNSSEC.
Oct 13 15:06:02 localhost dracut[13909]: dracut-049-70.git20200228.el8
Oct 13 15:06:02 localhost dracut[13911]: Executing: /usr/bin/dracut -f /boot/initramfs-4.18.0-193.19.1.el8_2.x86_64.img 4.18.0-193.19.1.el8_2.x86_64
Oct 13 15:06:02 localhost dracut[13911]: dracut module 'modsign' will not be installed, because command 'keyctl' could not be found!
Oct 13 15:06:03 localhost dracut[13911]: dracut module 'busybox' will not be installed, because command 'busybox' could not be found!
Oct 13 15:06:03 localhost dracut[13911]: dracut module 'btrfs' will not be installed, because command 'btrfs' could not be found!
Oct 13 15:06:03 localhost dracut[13911]: dracut module 'dmraid' will not be installed, because command 'dmraid' could not be found!
Oct 13 15:06:03 localhost dracut[13911]: dracut module 'mdraid' will not be installed, because command 'mdadm' could not be found!
Oct 13 15:06:03 localhost dracut[13911]: dracut module 'stratis' will not be installed, because command 'stratisd-init' could not be found!
Oct 13 15:06:03 localhost dracut[13911]: dracut module 'cifs' will not be installed, because command 'mount.cifs' could not be found!
Oct 13 15:06:03 localhost dracut[13911]: dracut module 'iscsi' will not be installed, because command 'iscsi-iname' could not be found!
Oct 13 15:06:03 localhost dracut[13911]: dracut module 'iscsi' will not be installed, because command 'iscsiadm' could not be found!
Oct 13 15:06:03 localhost dracut[13911]: dracut module 'iscsi' will not be installed, because command 'iscsid' could not be found!
Oct 13 15:06:03 localhost dracut[13911]: 95nfs: Could not find any command of 'rpcbind portmap'!
Oct 13 15:06:03 localhost dracut[13911]: dracut module 'modsign' will not be installed, because command 'keyctl' could not be found!
Oct 13 15:06:03 localhost dracut[13911]: dracut module 'busybox' will not be installed, because command 'busybox' could not be found!
Oct 13 15:06:03 localhost dracut[13911]: dracut module 'btrfs' will not be installed, because command 'btrfs' could not be found!
Oct 13 15:06:03 localhost dracut[13911]: dracut module 'dmraid' will not be installed, because command 'dmraid' could not be found!
Oct 13 15:06:03 localhost dracut[13911]: dracut module 'mdraid' will not be installed, because command 'mdadm' could not be found!
Oct 13 15:06:03 localhost dracut[13911]: dracut module 'stratis' will not be installed, because command 'stratisd-init' could not be found!
Oct 13 15:06:03 localhost dracut[13911]: dracut module 'cifs' will not be installed, because command 'mount.cifs' could not be found!
Oct 13 15:06:03 localhost dracut[13911]: dracut module 'iscsi' will not be installed, because command 'iscsi-iname' could not be found!
Oct 13 15:06:03 localhost dracut[13911]: dracut module 'iscsi' will not be installed, because command 'iscsiadm' could not be found!
Oct 13 15:06:03 localhost dracut[13911]: dracut module 'iscsi' will not be installed, because command 'iscsid' could not be found!
Oct 13 15:06:03 localhost dracut[13911]: 95nfs: Could not find any command of 'rpcbind portmap'!
Oct 13 15:06:04 localhost dracut[13911]: *** Including module: bash ***
Oct 13 15:06:04 localhost dracut[13911]: *** Including module: systemd ***
Oct 13 15:06:04 localhost dracut[13911]: *** Including module: systemd-initrd ***
Oct 13 15:06:04 localhost dracut[13911]: *** Including module: rngd ***
Oct 13 15:06:04 localhost dracut[13911]: *** Including module: i18n ***
Oct 13 15:06:04 localhost dracut[13911]: *** Including module: network-legacy ***
Oct 13 15:06:04 localhost dracut[13911]: *** Including module: network ***
Oct 13 15:06:04 localhost dracut[13911]: *** Including module: ifcfg ***
Oct 13 15:06:04 localhost dracut[13911]: *** Including module: drm ***
Oct 13 15:06:04 localhost dracut[13911]: *** Including module: plymouth ***
Oct 13 15:06:05 localhost dracut[13911]: *** Including module: prefixdevname ***
Oct 13 15:06:05 localhost dracut[13911]: *** Including module: dm ***
Oct 13 15:06:05 localhost dracut[13911]: Skipping udev rule: 64-device-mapper.rules
Oct 13 15:06:05 localhost dracut[13911]: Skipping udev rule: 60-persistent-storage-dm.rules
Oct 13 15:06:05 localhost dracut[13911]: Skipping udev rule: 55-dm.rules
Oct 13 15:06:05 localhost dracut[13911]: *** Including module: kernel-modules ***
Oct 13 15:06:05 localhost dracut[13911]: *** Including module: kernel-modules-extra ***
Oct 13 15:06:05 localhost dracut[13911]: *** Including module: kernel-network-modules ***
Oct 13 15:06:05 localhost dracut[13911]: *** Including module: lvm ***
Oct 13 15:06:05 localhost dracut[13911]: Skipping udev rule: 64-device-mapper.rules
Oct 13 15:06:05 localhost dracut[13911]: Skipping udev rule: 56-lvm.rules
Oct 13 15:06:05 localhost dracut[13911]: Skipping udev rule: 60-persistent-storage-lvm.rules
Oct 13 15:06:06 localhost dracut[13911]: *** Including module: resume ***
Oct 13 15:06:06 localhost dracut[13911]: *** Including module: rootfs-block ***
Oct 13 15:06:06 localhost dracut[13911]: *** Including module: terminfo ***
Oct 13 15:06:06 localhost dracut[13911]: *** Including module: udev-rules ***
Oct 13 15:06:06 localhost dracut[13911]: Skipping udev rule: 91-permissions.rules
Oct 13 15:06:06 localhost dracut[13911]: Skipping udev rule: 80-drivers-modprobe.rules
Oct 13 15:06:06 localhost dracut[13911]: *** Including module: biosdevname ***
Oct 13 15:06:06 localhost dracut[13911]: *** Including module: dracut-systemd ***
Oct 13 15:06:06 localhost dracut[13911]: *** Including module: usrmount ***
Oct 13 15:06:06 localhost dracut[13911]: *** Including module: base ***
Oct 13 15:06:06 localhost dracut[13911]: *** Including module: fs-lib ***
Oct 13 15:06:06 localhost dracut[13911]: *** Including module: microcode_ctl-fw_dir_override ***
Oct 13 15:06:06 localhost dracut[13911]:  microcode_ctl module: mangling fw_dir
Oct 13 15:06:06 localhost dracut[13911]:    microcode_ctl: reset fw_dir to "/lib/firmware/updates /lib/firmware"
Oct 13 15:06:06 localhost dracut[13911]:    microcode_ctl: processing data directory  "/usr/share/microcode_ctl/ucode_with_caveats/intel"...
Oct 13 15:06:06 localhost dracut[13911]:      microcode_ctl: intel: caveats check for kernel version "4.18.0-193.19.1.el8_2.x86_64" passed, adding "/usr/share/microcode_ctl/ucode_with_caveats/intel" to fw_dir variable
Oct 13 15:06:06 localhost dracut[13911]:    microcode_ctl: processing data directory  "/usr/share/microcode_ctl/ucode_with_caveats/intel-06-2d-07"...
Oct 13 15:06:06 localhost dracut[13911]:      microcode_ctl: intel-06-2d-07: caveats check for kernel version "4.18.0-193.19.1.el8_2.x86_64" passed, adding "/usr/share/microcode_ctl/ucode_with_caveats/intel-06-2d-07" to fw_dir variable
Oct 13 15:06:06 localhost dracut[13911]:    microcode_ctl: processing data directory  "/usr/share/microcode_ctl/ucode_with_caveats/intel-06-4e-03"...
Oct 13 15:06:06 localhost dracut[13911]:    microcode_ctl: configuration "intel-06-4e-03" is ignored
Oct 13 15:06:06 localhost dracut[13911]:    microcode_ctl: processing data directory  "/usr/share/microcode_ctl/ucode_with_caveats/intel-06-4f-01"...
Oct 13 15:06:06 localhost dracut[13911]:    microcode_ctl: configuration "intel-06-4f-01" is ignored
Oct 13 15:06:06 localhost dracut[13911]:    microcode_ctl: processing data directory  "/usr/share/microcode_ctl/ucode_with_caveats/intel-06-55-04"...
Oct 13 15:06:06 localhost dracut[13911]:    microcode_ctl: configuration "intel-06-55-04" is ignored
Oct 13 15:06:06 localhost dracut[13911]:    microcode_ctl: processing data directory  "/usr/share/microcode_ctl/ucode_with_caveats/intel-06-5e-03"...
Oct 13 15:06:06 localhost dracut[13911]:    microcode_ctl: configuration "intel-06-5e-03" is ignored
Oct 13 15:06:06 localhost dracut[13911]:    microcode_ctl: final fw_dir: "/usr/share/microcode_ctl/ucode_with_caveats/intel-06-2d-07 /lib/firmware/updates /lib/firmware"
Oct 13 15:06:06 localhost dracut[13911]: *** Including module: shutdown ***
Oct 13 15:06:06 localhost dracut[13911]: *** Including modules done ***
Oct 13 15:06:06 localhost dracut[13911]: *** Installing kernel module dependencies ***
Oct 13 15:06:07 localhost dracut[13911]: *** Installing kernel module dependencies done ***
Oct 13 15:06:07 localhost dracut[13911]: *** Resolving executable dependencies ***
Oct 13 15:06:08 localhost dracut[13911]: *** Resolving executable dependencies done***
Oct 13 15:06:08 localhost dracut[13911]: *** Hardlinking files ***
Oct 13 15:06:08 localhost dracut[13911]: *** Hardlinking files done ***
Oct 13 15:06:08 localhost dracut[13911]: Could not find 'strip'. Not stripping the initramfs.
Oct 13 15:06:08 localhost dracut[13911]: *** Generating early-microcode cpio image ***
Oct 13 15:06:08 localhost dracut[13911]: *** Constructing GenuineIntel.bin ****
Oct 13 15:06:08 localhost dracut[13911]: *** Store current command line parameters ***
Oct 13 15:06:08 localhost dracut[13911]: *** Creating image file '/boot/initramfs-4.18.0-193.19.1.el8_2.x86_64.img' ***
Oct 13 15:06:30 localhost dracut[13911]: *** Creating initramfs image file '/boot/initramfs-4.18.0-193.19.1.el8_2.x86_64.img' done ***
Oct 13 15:06:30 localhost dracut[21826]: dracut-049-70.git20200228.el8
Oct 13 15:06:31 localhost dracut[21828]: Executing: /usr/bin/dracut -f --kver 4.18.0-193.19.1.el8_2.x86_64
Oct 13 15:06:31 localhost dracut[21828]: dracut module 'modsign' will not be installed, because command 'keyctl' could not be found!
Oct 13 15:06:31 localhost dracut[21828]: dracut module 'busybox' will not be installed, because command 'busybox' could not be found!
Oct 13 15:06:31 localhost dracut[21828]: dracut module 'btrfs' will not be installed, because command 'btrfs' could not be found!
Oct 13 15:06:31 localhost dracut[21828]: dracut module 'dmraid' will not be installed, because command 'dmraid' could not be found!
Oct 13 15:06:31 localhost dracut[21828]: dracut module 'mdraid' will not be installed, because command 'mdadm' could not be found!
Oct 13 15:06:31 localhost dracut[21828]: dracut module 'stratis' will not be installed, because command 'stratisd-init' could not be found!
Oct 13 15:06:31 localhost dracut[21828]: dracut module 'cifs' will not be installed, because command 'mount.cifs' could not be found!
Oct 13 15:06:31 localhost dracut[21828]: dracut module 'iscsi' will not be installed, because command 'iscsi-iname' could not be found!
Oct 13 15:06:31 localhost dracut[21828]: dracut module 'iscsi' will not be installed, because command 'iscsiadm' could not be found!
Oct 13 15:06:31 localhost dracut[21828]: dracut module 'iscsi' will not be installed, because command 'iscsid' could not be found!
Oct 13 15:06:31 localhost dracut[21828]: 95nfs: Could not find any command of 'rpcbind portmap'!
Oct 13 15:06:31 localhost dracut[21828]: dracut module 'modsign' will not be installed, because command 'keyctl' could not be found!
Oct 13 15:06:31 localhost dracut[21828]: dracut module 'busybox' will not be installed, because command 'busybox' could not be found!
Oct 13 15:06:31 localhost dracut[21828]: dracut module 'btrfs' will not be installed, because command 'btrfs' could not be found!
Oct 13 15:06:31 localhost dracut[21828]: dracut module 'dmraid' will not be installed, because command 'dmraid' could not be found!
Oct 13 15:06:31 localhost dracut[21828]: dracut module 'mdraid' will not be installed, because command 'mdadm' could not be found!
Oct 13 15:06:32 localhost dracut[21828]: dracut module 'stratis' will not be installed, because command 'stratisd-init' could not be found!
Oct 13 15:06:32 localhost dracut[21828]: dracut module 'cifs' will not be installed, because command 'mount.cifs' could not be found!
Oct 13 15:06:32 localhost dracut[21828]: dracut module 'iscsi' will not be installed, because command 'iscsi-iname' could not be found!
Oct 13 15:06:32 localhost dracut[21828]: dracut module 'iscsi' will not be installed, because command 'iscsiadm' could not be found!
Oct 13 15:06:32 localhost dracut[21828]: dracut module 'iscsi' will not be installed, because command 'iscsid' could not be found!
Oct 13 15:06:32 localhost dracut[21828]: 95nfs: Could not find any command of 'rpcbind portmap'!
Oct 13 15:06:32 localhost dracut[21828]: *** Including module: bash ***
Oct 13 15:06:32 localhost dracut[21828]: *** Including module: systemd ***
Oct 13 15:06:32 localhost dracut[21828]: *** Including module: systemd-initrd ***
Oct 13 15:06:32 localhost dracut[21828]: *** Including module: rngd ***
Oct 13 15:06:32 localhost dracut[21828]: *** Including module: i18n ***
Oct 13 15:06:32 localhost dracut[21828]: *** Including module: network-legacy ***
Oct 13 15:06:32 localhost dracut[21828]: *** Including module: network ***
Oct 13 15:06:32 localhost dracut[21828]: *** Including module: ifcfg ***
Oct 13 15:06:32 localhost dracut[21828]: *** Including module: drm ***
Oct 13 15:06:33 localhost dracut[21828]: *** Including module: plymouth ***
Oct 13 15:06:33 localhost dracut[21828]: *** Including module: prefixdevname ***
Oct 13 15:06:33 localhost dracut[21828]: *** Including module: dm ***
Oct 13 15:06:33 localhost dracut[21828]: Skipping udev rule: 64-device-mapper.rules
Oct 13 15:06:33 localhost dracut[21828]: Skipping udev rule: 60-persistent-storage-dm.rules
Oct 13 15:06:33 localhost dracut[21828]: Skipping udev rule: 55-dm.rules
Oct 13 15:06:33 localhost dracut[21828]: *** Including module: kernel-modules ***
Oct 13 15:06:34 localhost dracut[21828]: *** Including module: kernel-modules-extra ***
Oct 13 15:06:34 localhost dracut[21828]: *** Including module: kernel-network-modules ***
Oct 13 15:06:34 localhost dracut[21828]: *** Including module: lvm ***
Oct 13 15:06:34 localhost dracut[21828]: Skipping udev rule: 64-device-mapper.rules
Oct 13 15:06:34 localhost dracut[21828]: Skipping udev rule: 56-lvm.rules
Oct 13 15:06:34 localhost dracut[21828]: Skipping udev rule: 60-persistent-storage-lvm.rules
Oct 13 15:06:34 localhost dracut[21828]: *** Including module: resume ***
Oct 13 15:06:34 localhost dracut[21828]: *** Including module: rootfs-block ***
Oct 13 15:06:34 localhost dracut[21828]: *** Including module: terminfo ***
Oct 13 15:06:34 localhost dracut[21828]: *** Including module: udev-rules ***
Oct 13 15:06:34 localhost dracut[21828]: Skipping udev rule: 91-permissions.rules
Oct 13 15:06:34 localhost dracut[21828]: Skipping udev rule: 80-drivers-modprobe.rules
Oct 13 15:06:34 localhost dracut[21828]: *** Including module: biosdevname ***
Oct 13 15:06:34 localhost dracut[21828]: *** Including module: dracut-systemd ***
Oct 13 15:06:34 localhost dracut[21828]: *** Including module: usrmount ***
Oct 13 15:06:34 localhost dracut[21828]: *** Including module: base ***
Oct 13 15:06:34 localhost dracut[21828]: *** Including module: fs-lib ***
Oct 13 15:06:34 localhost dracut[21828]: *** Including module: microcode_ctl-fw_dir_override ***
Oct 13 15:06:34 localhost dracut[21828]:  microcode_ctl module: mangling fw_dir
Oct 13 15:06:34 localhost dracut[21828]:    microcode_ctl: reset fw_dir to "/lib/firmware/updates /lib/firmware"
Oct 13 15:06:34 localhost dracut[21828]:    microcode_ctl: processing data directory  "/usr/share/microcode_ctl/ucode_with_caveats/intel"...
Oct 13 15:06:34 localhost dracut[21828]:      microcode_ctl: intel: caveats check for kernel version "4.18.0-193.19.1.el8_2.x86_64" passed, adding "/usr/share/microcode_ctl/ucode_with_caveats/intel" to fw_dir variable
Oct 13 15:06:34 localhost dracut[21828]:    microcode_ctl: processing data directory  "/usr/share/microcode_ctl/ucode_with_caveats/intel-06-2d-07"...
Oct 13 15:06:34 localhost dracut[21828]:      microcode_ctl: intel-06-2d-07: caveats check for kernel version "4.18.0-193.19.1.el8_2.x86_64" passed, adding "/usr/share/microcode_ctl/ucode_with_caveats/intel-06-2d-07" to fw_dir variable
Oct 13 15:06:34 localhost dracut[21828]:    microcode_ctl: processing data directory  "/usr/share/microcode_ctl/ucode_with_caveats/intel-06-4e-03"...
Oct 13 15:06:34 localhost dracut[21828]:    microcode_ctl: configuration "intel-06-4e-03" is ignored
Oct 13 15:06:34 localhost dracut[21828]:    microcode_ctl: processing data directory  "/usr/share/microcode_ctl/ucode_with_caveats/intel-06-4f-01"...
Oct 13 15:06:34 localhost dracut[21828]:    microcode_ctl: configuration "intel-06-4f-01" is ignored
Oct 13 15:06:34 localhost dracut[21828]:    microcode_ctl: processing data directory  "/usr/share/microcode_ctl/ucode_with_caveats/intel-06-55-04"...
Oct 13 15:06:34 localhost dracut[21828]:    microcode_ctl: configuration "intel-06-55-04" is ignored
Oct 13 15:06:34 localhost dracut[21828]:    microcode_ctl: processing data directory  "/usr/share/microcode_ctl/ucode_with_caveats/intel-06-5e-03"...
Oct 13 15:06:34 localhost dracut[21828]:    microcode_ctl: configuration "intel-06-5e-03" is ignored
Oct 13 15:06:34 localhost dracut[21828]:    microcode_ctl: final fw_dir: "/usr/share/microcode_ctl/ucode_with_caveats/intel-06-2d-07 /lib/firmware/updates /lib/firmware"
Oct 13 15:06:34 localhost dracut[21828]: *** Including module: shutdown ***
Oct 13 15:06:34 localhost dracut[21828]: *** Including modules done ***
Oct 13 15:06:34 localhost dracut[21828]: *** Installing kernel module dependencies ***
Oct 13 15:06:35 localhost dracut[21828]: *** Installing kernel module dependencies done ***
Oct 13 15:06:35 localhost dracut[21828]: *** Resolving executable dependencies ***
Oct 13 15:06:36 localhost dracut[21828]: *** Resolving executable dependencies done***
Oct 13 15:06:36 localhost dracut[21828]: *** Hardlinking files ***
Oct 13 15:06:36 localhost dracut[21828]: *** Hardlinking files done ***
Oct 13 15:06:36 localhost dracut[21828]: Could not find 'strip'. Not stripping the initramfs.
Oct 13 15:06:36 localhost dracut[21828]: *** Generating early-microcode cpio image ***
Oct 13 15:06:36 localhost dracut[21828]: *** Constructing GenuineIntel.bin ****
Oct 13 15:06:36 localhost dracut[21828]: *** Store current command line parameters ***
Oct 13 15:06:36 localhost dracut[21828]: *** Creating image file '/boot/initramfs-4.18.0-193.19.1.el8_2.x86_64.img' ***
Oct 13 15:06:57 localhost dracut[21828]: *** Creating initramfs image file '/boot/initramfs-4.18.0-193.19.1.el8_2.x86_64.img' done ***
Oct 13 15:06:57 localhost dracut[29728]: dracut-049-70.git20200228.el8
Oct 13 15:06:57 localhost dracut[29730]: Executing: /usr/bin/dracut -f --kver 4.18.0-193.el8.x86_64
Oct 13 15:06:58 localhost dracut[29730]: dracut module 'modsign' will not be installed, because command 'keyctl' could not be found!
Oct 13 15:06:58 localhost dracut[29730]: dracut module 'busybox' will not be installed, because command 'busybox' could not be found!
Oct 13 15:06:58 localhost dracut[29730]: dracut module 'btrfs' will not be installed, because command 'btrfs' could not be found!
Oct 13 15:06:58 localhost dracut[29730]: dracut module 'dmraid' will not be installed, because command 'dmraid' could not be found!
Oct 13 15:06:58 localhost dracut[29730]: dracut module 'mdraid' will not be installed, because command 'mdadm' could not be found!
Oct 13 15:06:58 localhost dracut[29730]: dracut module 'stratis' will not be installed, because command 'stratisd-init' could not be found!
Oct 13 15:06:58 localhost dracut[29730]: dracut module 'cifs' will not be installed, because command 'mount.cifs' could not be found!
Oct 13 15:06:58 localhost dracut[29730]: dracut module 'iscsi' will not be installed, because command 'iscsi-iname' could not be found!
Oct 13 15:06:58 localhost dracut[29730]: dracut module 'iscsi' will not be installed, because command 'iscsiadm' could not be found!
Oct 13 15:06:58 localhost dracut[29730]: dracut module 'iscsi' will not be installed, because command 'iscsid' could not be found!
Oct 13 15:06:58 localhost dracut[29730]: 95nfs: Could not find any command of 'rpcbind portmap'!
Oct 13 15:06:58 localhost dracut[29730]: dracut module 'modsign' will not be installed, because command 'keyctl' could not be found!
Oct 13 15:06:58 localhost dracut[29730]: dracut module 'busybox' will not be installed, because command 'busybox' could not be found!
Oct 13 15:06:58 localhost dracut[29730]: dracut module 'btrfs' will not be installed, because command 'btrfs' could not be found!
Oct 13 15:06:58 localhost dracut[29730]: dracut module 'dmraid' will not be installed, because command 'dmraid' could not be found!
Oct 13 15:06:58 localhost dracut[29730]: dracut module 'mdraid' will not be installed, because command 'mdadm' could not be found!
Oct 13 15:06:58 localhost dracut[29730]: dracut module 'stratis' will not be installed, because command 'stratisd-init' could not be found!
Oct 13 15:06:59 localhost dracut[29730]: dracut module 'cifs' will not be installed, because command 'mount.cifs' could not be found!
Oct 13 15:06:59 localhost dracut[29730]: dracut module 'iscsi' will not be installed, because command 'iscsi-iname' could not be found!
Oct 13 15:06:59 localhost dracut[29730]: dracut module 'iscsi' will not be installed, because command 'iscsiadm' could not be found!
Oct 13 15:06:59 localhost dracut[29730]: dracut module 'iscsi' will not be installed, because command 'iscsid' could not be found!
Oct 13 15:06:59 localhost dracut[29730]: 95nfs: Could not find any command of 'rpcbind portmap'!
Oct 13 15:06:59 localhost dracut[29730]: *** Including module: bash ***
Oct 13 15:06:59 localhost dracut[29730]: *** Including module: systemd ***
Oct 13 15:06:59 localhost dracut[29730]: *** Including module: systemd-initrd ***
Oct 13 15:06:59 localhost dracut[29730]: *** Including module: rngd ***
Oct 13 15:06:59 localhost dracut[29730]: *** Including module: i18n ***
Oct 13 15:06:59 localhost dracut[29730]: *** Including module: network-legacy ***
Oct 13 15:06:59 localhost dracut[29730]: *** Including module: network ***
Oct 13 15:06:59 localhost dracut[29730]: *** Including module: ifcfg ***
Oct 13 15:06:59 localhost dracut[29730]: *** Including module: drm ***
Oct 13 15:07:00 localhost dracut[29730]: *** Including module: plymouth ***
Oct 13 15:07:00 localhost dracut[29730]: *** Including module: prefixdevname ***
Oct 13 15:07:00 localhost dracut[29730]: *** Including module: dm ***
Oct 13 15:07:00 localhost dracut[29730]: Skipping udev rule: 64-device-mapper.rules
Oct 13 15:07:00 localhost dracut[29730]: Skipping udev rule: 60-persistent-storage-dm.rules
Oct 13 15:07:00 localhost dracut[29730]: Skipping udev rule: 55-dm.rules
Oct 13 15:07:00 localhost dracut[29730]: *** Including module: kernel-modules ***
Oct 13 15:07:01 localhost dracut[29730]: *** Including module: kernel-modules-extra ***
Oct 13 15:07:01 localhost dracut[29730]: *** Including module: kernel-network-modules ***
Oct 13 15:07:01 localhost dracut[29730]: *** Including module: lvm ***
Oct 13 15:07:01 localhost dracut[29730]: Skipping udev rule: 64-device-mapper.rules
Oct 13 15:07:01 localhost dracut[29730]: Skipping udev rule: 56-lvm.rules
Oct 13 15:07:01 localhost dracut[29730]: Skipping udev rule: 60-persistent-storage-lvm.rules
Oct 13 15:07:01 localhost dracut[29730]: *** Including module: resume ***
Oct 13 15:07:01 localhost dracut[29730]: *** Including module: rootfs-block ***
Oct 13 15:07:01 localhost dracut[29730]: *** Including module: terminfo ***
Oct 13 15:07:01 localhost dracut[29730]: *** Including module: udev-rules ***
Oct 13 15:07:01 localhost dracut[29730]: Skipping udev rule: 91-permissions.rules
Oct 13 15:07:01 localhost dracut[29730]: Skipping udev rule: 80-drivers-modprobe.rules
Oct 13 15:07:01 localhost dracut[29730]: *** Including module: biosdevname ***
Oct 13 15:07:01 localhost dracut[29730]: *** Including module: dracut-systemd ***
Oct 13 15:07:01 localhost dracut[29730]: *** Including module: usrmount ***
Oct 13 15:07:01 localhost dracut[29730]: *** Including module: base ***
Oct 13 15:07:01 localhost dracut[29730]: *** Including module: fs-lib ***
Oct 13 15:07:01 localhost dracut[29730]: *** Including module: microcode_ctl-fw_dir_override ***
Oct 13 15:07:01 localhost dracut[29730]:  microcode_ctl module: mangling fw_dir
Oct 13 15:07:01 localhost dracut[29730]:    microcode_ctl: reset fw_dir to "/lib/firmware/updates /lib/firmware"
Oct 13 15:07:01 localhost dracut[29730]:    microcode_ctl: processing data directory  "/usr/share/microcode_ctl/ucode_with_caveats/intel"...
Oct 13 15:07:01 localhost dracut[29730]:      microcode_ctl: intel: caveats check for kernel version "4.18.0-193.el8.x86_64" passed, adding "/usr/share/microcode_ctl/ucode_with_caveats/intel" to fw_dir variable
Oct 13 15:07:01 localhost dracut[29730]:    microcode_ctl: processing data directory  "/usr/share/microcode_ctl/ucode_with_caveats/intel-06-2d-07"...
Oct 13 15:07:01 localhost dracut[29730]:      microcode_ctl: intel-06-2d-07: caveats check for kernel version "4.18.0-193.el8.x86_64" passed, adding "/usr/share/microcode_ctl/ucode_with_caveats/intel-06-2d-07" to fw_dir variable
Oct 13 15:07:01 localhost dracut[29730]:    microcode_ctl: processing data directory  "/usr/share/microcode_ctl/ucode_with_caveats/intel-06-4e-03"...
Oct 13 15:07:01 localhost dracut[29730]:    microcode_ctl: configuration "intel-06-4e-03" is ignored
Oct 13 15:07:01 localhost dracut[29730]:    microcode_ctl: processing data directory  "/usr/share/microcode_ctl/ucode_with_caveats/intel-06-4f-01"...
Oct 13 15:07:01 localhost dracut[29730]:    microcode_ctl: configuration "intel-06-4f-01" is ignored
Oct 13 15:07:01 localhost dracut[29730]:    microcode_ctl: processing data directory  "/usr/share/microcode_ctl/ucode_with_caveats/intel-06-55-04"...
Oct 13 15:07:01 localhost dracut[29730]:    microcode_ctl: configuration "intel-06-55-04" is ignored
Oct 13 15:07:01 localhost dracut[29730]:    microcode_ctl: processing data directory  "/usr/share/microcode_ctl/ucode_with_caveats/intel-06-5e-03"...
Oct 13 15:07:01 localhost dracut[29730]:    microcode_ctl: configuration "intel-06-5e-03" is ignored
Oct 13 15:07:01 localhost dracut[29730]:    microcode_ctl: final fw_dir: "/usr/share/microcode_ctl/ucode_with_caveats/intel-06-2d-07 /lib/firmware/updates /lib/firmware"
Oct 13 15:07:01 localhost dracut[29730]: *** Including module: shutdown ***
Oct 13 15:07:01 localhost dracut[29730]: *** Including modules done ***
Oct 13 15:07:01 localhost dracut[29730]: *** Installing kernel module dependencies ***
Oct 13 15:07:02 localhost dracut[29730]: *** Installing kernel module dependencies done ***
Oct 13 15:07:02 localhost dracut[29730]: *** Resolving executable dependencies ***
Oct 13 15:07:03 localhost dracut[29730]: *** Resolving executable dependencies done***
Oct 13 15:07:03 localhost dracut[29730]: *** Hardlinking files ***
Oct 13 15:07:03 localhost dracut[29730]: *** Hardlinking files done ***
Oct 13 15:07:03 localhost dracut[29730]: Could not find 'strip'. Not stripping the initramfs.
Oct 13 15:07:03 localhost dracut[29730]: *** Generating early-microcode cpio image ***
Oct 13 15:07:03 localhost dracut[29730]: *** Constructing GenuineIntel.bin ****
Oct 13 15:07:03 localhost dracut[29730]: *** Store current command line parameters ***
Oct 13 15:07:03 localhost dracut[29730]: *** Creating image file '/boot/initramfs-4.18.0-193.el8.x86_64.img' ***
Oct 13 15:07:24 localhost dracut[29730]: *** Creating initramfs image file '/boot/initramfs-4.18.0-193.el8.x86_64.img' done ***
Oct 13 15:07:25 localhost systemd[1]: Started /usr/bin/systemctl start man-db-cache-update.
Oct 13 15:07:25 localhost systemd[1]: cgroup compatibility translation between legacy and unified hierarchy settings activated. See cgroup-compat debug messages for details.
Oct 13 15:07:25 localhost systemd[1]: Starting man-db-cache-update.service...
Oct 13 15:07:25 localhost systemd[1]: Started /usr/bin/systemctl start man-db-cache-update.
Oct 13 15:07:25 localhost systemd[1]: Reloading.
Oct 13 15:07:32 localhost systemd[1]: Started man-db-cache-update.service.
Oct 13 15:13:59 David-VM2 kernel: Command line: BOOT_IMAGE=(hd0,msdos1)/vmlinuz-4.18.0-193.19.1.el8_2.x86_64 root=/dev/mapper/cl-root ro crashkernel=auto resume=/dev/mapper/cl-swap rd.lvm.lv=cl/root rd.lvm.lv=cl/swap rhgb quiet
Oct 13 15:13:59 David-VM2 kernel: Disabled fast string operations
Oct 13 15:13:59 David-VM2 kernel: x86/fpu: Supporting XSAVE feature 0x001: 'x87 floating point registers'
Oct 13 15:13:59 David-VM2 kernel: x86/fpu: Supporting XSAVE feature 0x002: 'SSE registers'
Oct 13 15:13:59 David-VM2 kernel: x86/fpu: Supporting XSAVE feature 0x004: 'AVX registers'
Oct 13 15:13:59 David-VM2 kernel: x86/fpu: xstate_offset[2]:  576, xstate_sizes[2]:  256
Oct 13 15:13:59 David-VM2 kernel: x86/fpu: Enabled xstate features 0x7, context size is 832 bytes, using 'standard' format.
Oct 13 15:13:59 David-VM2 kernel: BIOS-provided physical RAM map:
Oct 13 15:13:59 David-VM2 kernel: BIOS-e820: [mem 0x0000000000000000-0x000000000009f3ff] usable
Oct 13 15:13:59 David-VM2 kernel: BIOS-e820: [mem 0x000000000009f400-0x000000000009ffff] reserved
Oct 13 15:13:59 David-VM2 kernel: BIOS-e820: [mem 0x00000000000dc000-0x00000000000fffff] reserved
Oct 13 15:13:59 David-VM2 kernel: BIOS-e820: [mem 0x0000000000100000-0x000000007fedffff] usable
Oct 13 15:13:59 David-VM2 kernel: BIOS-e820: [mem 0x000000007fee0000-0x000000007fefefff] ACPI data
Oct 13 15:13:59 David-VM2 kernel: BIOS-e820: [mem 0x000000007feff000-0x000000007fefffff] ACPI NVS
Oct 13 15:13:59 David-VM2 kernel: BIOS-e820: [mem 0x000000007ff00000-0x000000007fffffff] usable
Oct 13 15:13:59 David-VM2 kernel: BIOS-e820: [mem 0x00000000f0000000-0x00000000f7ffffff] reserved
Oct 13 15:13:59 David-VM2 kernel: BIOS-e820: [mem 0x00000000fec00000-0x00000000fec0ffff] reserved
Oct 13 15:13:59 David-VM2 kernel: BIOS-e820: [mem 0x00000000fee00000-0x00000000fee00fff] reserved
Oct 13 15:13:59 David-VM2 kernel: BIOS-e820: [mem 0x00000000fffe0000-0x00000000ffffffff] reserved
Oct 13 15:13:59 David-VM2 kernel: NX (Execute Disable) protection: active
Oct 13 15:13:59 David-VM2 kernel: SMBIOS 2.7 present.
Oct 13 15:13:59 David-VM2 kernel: DMI: VMware, Inc. VMware Virtual Platform/440BX Desktop Reference Platform, BIOS 6.00 12/09/2019
Oct 13 15:13:59 David-VM2 kernel: Hypervisor detected: VMware
Oct 13 15:13:59 David-VM2 kernel: vmware: TSC freq read from hypervisor : 2700.000 MHz
Oct 13 15:13:59 David-VM2 kernel: vmware: Host bus clock speed read from hypervisor : 66000000 Hz
Oct 13 15:13:59 David-VM2 kernel: vmware: using sched offset of 5093915671 ns
Oct 13 15:13:59 David-VM2 kernel: tsc: Detected 2700.000 MHz processor
Oct 13 15:13:59 David-VM2 kernel: last_pfn = 0x80000 max_arch_pfn = 0x400000000
Oct 13 15:13:59 David-VM2 kernel: x86/PAT: Configuration [0-7]: WB  WC  UC- UC  WB  WP  UC- WT  
Oct 13 15:13:59 David-VM2 kernel: total RAM covered: 2048M
Oct 13 15:13:59 David-VM2 kernel: Found optimal setting for mtrr clean up
Oct 13 15:13:59 David-VM2 kernel: gran_size: 64K #011chunk_size: 64K #011num_reg: 1  #011lose cover RAM: 0G
Oct 13 15:13:59 David-VM2 kernel: found SMP MP-table at [mem 0x000f6a70-0x000f6a7f]
Oct 13 15:13:59 David-VM2 kernel: kexec: Reserving the low 1M of memory for crashkernel
Oct 13 15:13:59 David-VM2 kernel: RAMDISK: [mem 0x34a9f000-0x36547fff]
Oct 13 15:13:59 David-VM2 kernel: ACPI: Early table checksum verification disabled
Oct 13 15:13:59 David-VM2 kernel: ACPI: RSDP 0x00000000000F6A00 000024 (v02 PTLTD )
Oct 13 15:13:59 David-VM2 kernel: ACPI: XSDT 0x000000007FEEEAC0 00005C (v01 INTEL  440BX    06040000 VMW  01324272)
Oct 13 15:13:59 David-VM2 kernel: ACPI: FACP 0x000000007FEFEE73 0000F4 (v04 INTEL  440BX    06040000 PTL  000F4240)
Oct 13 15:13:59 David-VM2 kernel: ACPI: DSDT 0x000000007FEEED00 010173 (v01 PTLTD  Custom   06040000 MSFT 03000001)
Oct 13 15:13:59 David-VM2 kernel: ACPI: FACS 0x000000007FEFFFC0 000040
Oct 13 15:13:59 David-VM2 kernel: ACPI: FACS 0x000000007FEFFFC0 000040
Oct 13 15:13:59 David-VM2 kernel: ACPI: BOOT 0x000000007FEEECD8 000028 (v01 PTLTD  $SBFTBL$ 06040000  LTP 00000001)
Oct 13 15:13:59 David-VM2 kernel: ACPI: APIC 0x000000007FEEEC88 000050 (v01 PTLTD  ? APIC   06040000  LTP 00000000)
Oct 13 15:13:59 David-VM2 kernel: ACPI: MCFG 0x000000007FEEEC4C 00003C (v01 PTLTD  $PCITBL$ 06040000  LTP 00000001)
Oct 13 15:13:59 David-VM2 kernel: ACPI: SRAT 0x000000007FEEEBBC 000090 (v02 VMWARE MEMPLUG  06040000 VMW  00000001)
Oct 13 15:13:59 David-VM2 kernel: ACPI: HPET 0x000000007FEEEB84 000038 (v01 VMWARE VMW HPET 06040000 VMW  00000001)
Oct 13 15:13:59 David-VM2 kernel: ACPI: WAET 0x000000007FEEEB5C 000028 (v01 VMWARE VMW WAET 06040000 VMW  00000001)
Oct 13 15:13:59 David-VM2 kernel: SRAT: PXM 0 -> APIC 0x00 -> Node 0
Oct 13 15:13:59 David-VM2 kernel: ACPI: SRAT: Node 0 PXM 0 [mem 0x00000000-0x0009ffff]
Oct 13 15:13:59 David-VM2 kernel: ACPI: SRAT: Node 0 PXM 0 [mem 0x00100000-0x7fffffff]
Oct 13 15:13:59 David-VM2 kernel: NUMA: Node 0 [mem 0x00000000-0x0009ffff] + [mem 0x00100000-0x7fffffff] -> [mem 0x00000000-0x7fffffff]
Oct 13 15:13:59 David-VM2 kernel: NODE_DATA(0) allocated [mem 0x7ffd6000-0x7fffffff]
Oct 13 15:13:59 David-VM2 kernel: Using crashkernel=auto, the size chosen is a best effort estimation.
Oct 13 15:13:59 David-VM2 kernel: Reserving 160MB of memory at 1728MB for crashkernel (System RAM: 2047MB)
Oct 13 15:13:59 David-VM2 kernel: Zone ranges:
Oct 13 15:13:59 David-VM2 kernel:  DMA      [mem 0x0000000000001000-0x0000000000ffffff]
Oct 13 15:13:59 David-VM2 kernel:  DMA32    [mem 0x0000000001000000-0x000000007fffffff]
Oct 13 15:13:59 David-VM2 kernel:  Normal   empty
Oct 13 15:13:59 David-VM2 kernel:  Device   empty
Oct 13 15:13:59 David-VM2 kernel: Movable zone start for each node
Oct 13 15:13:59 David-VM2 kernel: Early memory node ranges
Oct 13 15:13:59 David-VM2 kernel:  node   0: [mem 0x0000000000001000-0x000000000009efff]
Oct 13 15:13:59 David-VM2 kernel:  node   0: [mem 0x0000000000100000-0x000000007fedffff]
Oct 13 15:13:59 David-VM2 kernel:  node   0: [mem 0x000000007ff00000-0x000000007fffffff]
Oct 13 15:13:59 David-VM2 kernel: Zeroed struct page in unavailable ranges: 130 pages
Oct 13 15:13:59 David-VM2 kernel: Initmem setup node 0 [mem 0x0000000000001000-0x000000007fffffff]
Oct 13 15:13:59 David-VM2 kernel: ACPI: PM-Timer IO Port: 0x1008
Oct 13 15:13:59 David-VM2 kernel: ACPI: LAPIC_NMI (acpi_id[0x00] high edge lint[0x1])
Oct 13 15:13:59 David-VM2 kernel: IOAPIC[0]: apic_id 1, version 17, address 0xfec00000, GSI 0-23
Oct 13 15:13:59 David-VM2 kernel: ACPI: INT_SRC_OVR (bus 0 bus_irq 0 global_irq 2 high edge)
Oct 13 15:13:59 David-VM2 kernel: Using ACPI (MADT) for SMP configuration information
Oct 13 15:13:59 David-VM2 kernel: ACPI: HPET id: 0x8086af01 base: 0xfed00000
Oct 13 15:13:59 David-VM2 kernel: smpboot: Allowing 1 CPUs, 0 hotplug CPUs
Oct 13 15:13:59 David-VM2 kernel: PM: Registered nosave memory: [mem 0x00000000-0x00000fff]
Oct 13 15:13:59 David-VM2 kernel: PM: Registered nosave memory: [mem 0x0009f000-0x0009ffff]
Oct 13 15:13:59 David-VM2 kernel: PM: Registered nosave memory: [mem 0x000a0000-0x000dbfff]
Oct 13 15:13:59 David-VM2 kernel: PM: Registered nosave memory: [mem 0x000dc000-0x000fffff]
Oct 13 15:13:59 David-VM2 kernel: PM: Registered nosave memory: [mem 0x7fee0000-0x7fefefff]
Oct 13 15:13:59 David-VM2 kernel: PM: Registered nosave memory: [mem 0x7feff000-0x7fefffff]
Oct 13 15:13:59 David-VM2 kernel: [mem 0x80000000-0xefffffff] available for PCI devices
Oct 13 15:13:59 David-VM2 kernel: Booting paravirtualized kernel on VMware hypervisor
Oct 13 15:13:59 David-VM2 kernel: clocksource: refined-jiffies: mask: 0xffffffff max_cycles: 0xffffffff, max_idle_ns: 1910969940391419 ns
Oct 13 15:13:59 David-VM2 kernel: setup_percpu: NR_CPUS:8192 nr_cpumask_bits:1 nr_cpu_ids:1 nr_node_ids:1
Oct 13 15:13:59 David-VM2 kernel: percpu: Embedded 53 pages/cpu s180224 r8192 d28672 u2097152
Oct 13 15:13:59 David-VM2 kernel: Built 1 zonelists, mobility grouping on.  Total pages: 515808
Oct 13 15:13:59 David-VM2 kernel: Policy zone: DMA32
Oct 13 15:13:59 David-VM2 kernel: Kernel command line: BOOT_IMAGE=(hd0,msdos1)/vmlinuz-4.18.0-193.19.1.el8_2.x86_64 root=/dev/mapper/cl-root ro crashkernel=auto resume=/dev/mapper/cl-swap rd.lvm.lv=cl/root rd.lvm.lv=cl/swap rhgb quiet
Oct 13 15:13:59 David-VM2 kernel: Specific versions of hardware are certified with Red Hat Enterprise Linux 8. Please see the list of hardware certified with Red Hat Enterprise Linux 8 at https://access.redhat.com/ecosystem.
Oct 13 15:13:59 David-VM2 kernel: Memory: 261120K/2096632K available (12292K kernel code, 2151K rwdata, 3848K rodata, 2404K init, 6476K bss, 260996K reserved, 0K cma-reserved)
Oct 13 15:13:59 David-VM2 kernel: random: get_random_u64 called from cache_random_seq_create+0x7c/0x140 with crng_init=0
Oct 13 15:13:59 David-VM2 kernel: SLUB: HWalign=64, Order=0-3, MinObjects=0, CPUs=1, Nodes=1
Oct 13 15:13:59 David-VM2 kernel: Kernel/User page tables isolation: enabled
